Archive member included to satisfy reference by file (symbol)

c:/st/stm32cubeide_1.9.0/stm32cubeide/plugins/com.st.stm32cube.ide.mcu.externaltools.gnu-tools-for-stm32.10.3-2021.10.win32_1.0.0.202111181127/tools/bin/../lib/gcc/arm-none-eabi/10.3.1/../../../../arm-none-eabi/lib/thumb/v7e-m+fp/hard\libc_nano.a(lib_a-errno.o)
                              ./Core/Src/syscalls.o (__errno)
c:/st/stm32cubeide_1.9.0/stm32cubeide/plugins/com.st.stm32cube.ide.mcu.externaltools.gnu-tools-for-stm32.10.3-2021.10.win32_1.0.0.202111181127/tools/bin/../lib/gcc/arm-none-eabi/10.3.1/../../../../arm-none-eabi/lib/thumb/v7e-m+fp/hard\libc_nano.a(lib_a-exit.o)
                              c:/st/stm32cubeide_1.9.0/stm32cubeide/plugins/com.st.stm32cube.ide.mcu.externaltools.gnu-tools-for-stm32.10.3-2021.10.win32_1.0.0.202111181127/tools/bin/../lib/gcc/arm-none-eabi/10.3.1/../../../../arm-none-eabi/lib/thumb/v7e-m+fp/hard/crt0.o (exit)
c:/st/stm32cubeide_1.9.0/stm32cubeide/plugins/com.st.stm32cube.ide.mcu.externaltools.gnu-tools-for-stm32.10.3-2021.10.win32_1.0.0.202111181127/tools/bin/../lib/gcc/arm-none-eabi/10.3.1/../../../../arm-none-eabi/lib/thumb/v7e-m+fp/hard\libc_nano.a(lib_a-impure.o)
                              c:/st/stm32cubeide_1.9.0/stm32cubeide/plugins/com.st.stm32cube.ide.mcu.externaltools.gnu-tools-for-stm32.10.3-2021.10.win32_1.0.0.202111181127/tools/bin/../lib/gcc/arm-none-eabi/10.3.1/../../../../arm-none-eabi/lib/thumb/v7e-m+fp/hard\libc_nano.a(lib_a-exit.o) (_global_impure_ptr)
c:/st/stm32cubeide_1.9.0/stm32cubeide/plugins/com.st.stm32cube.ide.mcu.externaltools.gnu-tools-for-stm32.10.3-2021.10.win32_1.0.0.202111181127/tools/bin/../lib/gcc/arm-none-eabi/10.3.1/../../../../arm-none-eabi/lib/thumb/v7e-m+fp/hard\libc_nano.a(lib_a-init.o)
                              c:/st/stm32cubeide_1.9.0/stm32cubeide/plugins/com.st.stm32cube.ide.mcu.externaltools.gnu-tools-for-stm32.10.3-2021.10.win32_1.0.0.202111181127/tools/bin/../lib/gcc/arm-none-eabi/10.3.1/../../../../arm-none-eabi/lib/thumb/v7e-m+fp/hard/crt0.o (__libc_init_array)
c:/st/stm32cubeide_1.9.0/stm32cubeide/plugins/com.st.stm32cube.ide.mcu.externaltools.gnu-tools-for-stm32.10.3-2021.10.win32_1.0.0.202111181127/tools/bin/../lib/gcc/arm-none-eabi/10.3.1/../../../../arm-none-eabi/lib/thumb/v7e-m+fp/hard\libc_nano.a(lib_a-memset.o)
                              c:/st/stm32cubeide_1.9.0/stm32cubeide/plugins/com.st.stm32cube.ide.mcu.externaltools.gnu-tools-for-stm32.10.3-2021.10.win32_1.0.0.202111181127/tools/bin/../lib/gcc/arm-none-eabi/10.3.1/../../../../arm-none-eabi/lib/thumb/v7e-m+fp/hard/crt0.o (memset)
c:/st/stm32cubeide_1.9.0/stm32cubeide/plugins/com.st.stm32cube.ide.mcu.externaltools.gnu-tools-for-stm32.10.3-2021.10.win32_1.0.0.202111181127/tools/bin/../lib/gcc/arm-none-eabi/10.3.1/thumb/v7e-m+fp/hard\libgcc.a(_aeabi_uldivmod.o)
                              ./Drivers/STM32F4xx_HAL_Driver/Src/stm32f4xx_hal_rcc.o (__aeabi_uldivmod)
c:/st/stm32cubeide_1.9.0/stm32cubeide/plugins/com.st.stm32cube.ide.mcu.externaltools.gnu-tools-for-stm32.10.3-2021.10.win32_1.0.0.202111181127/tools/bin/../lib/gcc/arm-none-eabi/10.3.1/thumb/v7e-m+fp/hard\libgcc.a(_udivmoddi4.o)
                              c:/st/stm32cubeide_1.9.0/stm32cubeide/plugins/com.st.stm32cube.ide.mcu.externaltools.gnu-tools-for-stm32.10.3-2021.10.win32_1.0.0.202111181127/tools/bin/../lib/gcc/arm-none-eabi/10.3.1/thumb/v7e-m+fp/hard\libgcc.a(_aeabi_uldivmod.o) (__udivmoddi4)
c:/st/stm32cubeide_1.9.0/stm32cubeide/plugins/com.st.stm32cube.ide.mcu.externaltools.gnu-tools-for-stm32.10.3-2021.10.win32_1.0.0.202111181127/tools/bin/../lib/gcc/arm-none-eabi/10.3.1/thumb/v7e-m+fp/hard\libgcc.a(_dvmd_tls.o)
                              c:/st/stm32cubeide_1.9.0/stm32cubeide/plugins/com.st.stm32cube.ide.mcu.externaltools.gnu-tools-for-stm32.10.3-2021.10.win32_1.0.0.202111181127/tools/bin/../lib/gcc/arm-none-eabi/10.3.1/thumb/v7e-m+fp/hard\libgcc.a(_aeabi_uldivmod.o) (__aeabi_ldiv0)

Discarded input sections

 .text          0x0000000000000000        0x0 c:/st/stm32cubeide_1.9.0/stm32cubeide/plugins/com.st.stm32cube.ide.mcu.externaltools.gnu-tools-for-stm32.10.3-2021.10.win32_1.0.0.202111181127/tools/bin/../lib/gcc/arm-none-eabi/10.3.1/thumb/v7e-m+fp/hard/crti.o
 .data          0x0000000000000000        0x0 c:/st/stm32cubeide_1.9.0/stm32cubeide/plugins/com.st.stm32cube.ide.mcu.externaltools.gnu-tools-for-stm32.10.3-2021.10.win32_1.0.0.202111181127/tools/bin/../lib/gcc/arm-none-eabi/10.3.1/thumb/v7e-m+fp/hard/crti.o
 .bss           0x0000000000000000        0x0 c:/st/stm32cubeide_1.9.0/stm32cubeide/plugins/com.st.stm32cube.ide.mcu.externaltools.gnu-tools-for-stm32.10.3-2021.10.win32_1.0.0.202111181127/tools/bin/../lib/gcc/arm-none-eabi/10.3.1/thumb/v7e-m+fp/hard/crti.o
[...]
Memory Configuration

Name             Origin             Length             Attributes
RAM              0x0000000020000000 0x0000000000020000 xrw
FLASH            0x0000000008000000 0x0000000000080000 xr
*default*        0x0000000000000000 0xffffffffffffffff

Linker script and memory map

LOAD c:/st/stm32cubeide_1.9.0/stm32cubeide/plugins/com.st.stm32cube.ide.mcu.externaltools.gnu-tools-for-stm32.10.3-2021.10.win32_1.0.0.202111181127/tools/bin/../lib/gcc/arm-none-eabi/10.3.1/thumb/v7e-m+fp/hard/crti.o
LOAD c:/st/stm32cubeide_1.9.0/stm32cubeide/plugins/com.st.stm32cube.ide.mcu.externaltools.gnu-tools-for-stm32.10.3-2021.10.win32_1.0.0.202111181127/tools/bin/../lib/gcc/arm-none-eabi/10.3.1/thumb/v7e-m+fp/hard/crtbegin.o
LOAD c:/st/stm32cubeide_1.9.0/stm32cubeide/plugins/com.st.stm32cube.ide.mcu.externaltools.gnu-tools-for-stm32.10.3-2021.10.win32_1.0.0.202111181127/tools/bin/../lib/gcc/arm-none-eabi/10.3.1/../../../../arm-none-eabi/lib/thumb/v7e-m+fp/hard/crt0.o
LOAD ./Core/Src/main.o
LOAD ./Core/Src/stm32f4xx_hal_msp.o
LOAD ./Core/Src/stm32f4xx_it.o
LOAD ./Core/Src/syscalls.o
LOAD ./Core/Src/sysmem.o
LOAD ./Core/Src/system_stm32f4xx.o
LOAD ./Core/Startup/startup_stm32f411vetx.o
LOAD ./Drivers/STM32F4xx_HAL_Driver/Src/stm32f4xx_hal.o
LOAD ./Drivers/STM32F4xx_HAL_Driver/Src/stm32f4xx_hal_cortex.o
LOAD ./Drivers/STM32F4xx_HAL_Driver/Src/stm32f4xx_hal_dma.o
LOAD ./Drivers/STM32F4xx_HAL_Driver/Src/stm32f4xx_hal_dma_ex.o
LOAD ./Drivers/STM32F4xx_HAL_Driver/Src/stm32f4xx_hal_exti.o
LOAD ./Drivers/STM32F4xx_HAL_Driver/Src/stm32f4xx_hal_flash.o
LOAD ./Drivers/STM32F4xx_HAL_Driver/Src/stm32f4xx_hal_flash_ex.o
LOAD ./Drivers/STM32F4xx_HAL_Driver/Src/stm32f4xx_hal_flash_ramfunc.o
LOAD ./Drivers/STM32F4xx_HAL_Driver/Src/stm32f4xx_hal_gpio.o
LOAD ./Drivers/STM32F4xx_HAL_Driver/Src/stm32f4xx_hal_i2c.o
LOAD ./Drivers/STM32F4xx_HAL_Driver/Src/stm32f4xx_hal_i2c_ex.o
LOAD ./Drivers/STM32F4xx_HAL_Driver/Src/stm32f4xx_hal_i2s.o
LOAD ./Drivers/STM32F4xx_HAL_Driver/Src/stm32f4xx_hal_i2s_ex.o
LOAD ./Drivers/STM32F4xx_HAL_Driver/Src/stm32f4xx_hal_pcd.o
LOAD ./Drivers/STM32F4xx_HAL_Driver/Src/stm32f4xx_hal_pcd_ex.o
LOAD ./Drivers/STM32F4xx_HAL_Driver/Src/stm32f4xx_hal_pwr.o
LOAD ./Drivers/STM32F4xx_HAL_Driver/Src/stm32f4xx_hal_pwr_ex.o
LOAD ./Drivers/STM32F4xx_HAL_Driver/Src/stm32f4xx_hal_rcc.o
LOAD ./Drivers/STM32F4xx_HAL_Driver/Src/stm32f4xx_hal_rcc_ex.o
LOAD ./Drivers/STM32F4xx_HAL_Driver/Src/stm32f4xx_hal_spi.o
LOAD ./Drivers/STM32F4xx_HAL_Driver/Src/stm32f4xx_hal_tim.o
LOAD ./Drivers/STM32F4xx_HAL_Driver/Src/stm32f4xx_hal_tim_ex.o
LOAD ./Drivers/STM32F4xx_HAL_Driver/Src/stm32f4xx_ll_usb.o
LOAD ./Middlewares/ST/STM32_USB_Device_Library/Class/CDC/Src/usbd_cdc.o
LOAD ./Middlewares/ST/STM32_USB_Device_Library/Core/Src/usbd_core.o
LOAD ./Middlewares/ST/STM32_USB_Device_Library/Core/Src/usbd_ctlreq.o
LOAD ./Middlewares/ST/STM32_USB_Device_Library/Core/Src/usbd_ioreq.o
LOAD ./USB_DEVICE/App/usb_device.o
LOAD ./USB_DEVICE/App/usbd_cdc_if.o
LOAD ./USB_DEVICE/App/usbd_desc.o
LOAD ./USB_DEVICE/Target/usbd_conf.o
START GROUP
LOAD c:/st/stm32cubeide_1.9.0/stm32cubeide/plugins/com.st.stm32cube.ide.mcu.externaltools.gnu-tools-for-stm32.10.3-2021.10.win32_1.0.0.202111181127/tools/bin/../lib/gcc/arm-none-eabi/10.3.1/../../../../arm-none-eabi/lib/thumb/v7e-m+fp/hard\libc_nano.a
LOAD c:/st/stm32cubeide_1.9.0/stm32cubeide/plugins/com.st.stm32cube.ide.mcu.externaltools.gnu-tools-for-stm32.10.3-2021.10.win32_1.0.0.202111181127/tools/bin/../lib/gcc/arm-none-eabi/10.3.1/../../../../arm-none-eabi/lib/thumb/v7e-m+fp/hard\libm.a
END GROUP
START GROUP
LOAD c:/st/stm32cubeide_1.9.0/stm32cubeide/plugins/com.st.stm32cube.ide.mcu.externaltools.gnu-tools-for-stm32.10.3-2021.10.win32_1.0.0.202111181127/tools/bin/../lib/gcc/arm-none-eabi/10.3.1/thumb/v7e-m+fp/hard\libgcc.a
LOAD c:/st/stm32cubeide_1.9.0/stm32cubeide/plugins/com.st.stm32cube.ide.mcu.externaltools.gnu-tools-for-stm32.10.3-2021.10.win32_1.0.0.202111181127/tools/bin/../lib/gcc/arm-none-eabi/10.3.1/../../../../arm-none-eabi/lib/thumb/v7e-m+fp/hard\libc_nano.a
END GROUP
START GROUP
LOAD c:/st/stm32cubeide_1.9.0/stm32cubeide/plugins/com.st.stm32cube.ide.mcu.externaltools.gnu-tools-for-stm32.10.3-2021.10.win32_1.0.0.202111181127/tools/bin/../lib/gcc/arm-none-eabi/10.3.1/thumb/v7e-m+fp/hard\libgcc.a
LOAD c:/st/stm32cubeide_1.9.0/stm32cubeide/plugins/com.st.stm32cube.ide.mcu.externaltools.gnu-tools-for-stm32.10.3-2021.10.win32_1.0.0.202111181127/tools/bin/../lib/gcc/arm-none-eabi/10.3.1/../../../../arm-none-eabi/lib/thumb/v7e-m+fp/hard\libc_nano.a
LOAD c:/st/stm32cubeide_1.9.0/stm32cubeide/plugins/com.st.stm32cube.ide.mcu.externaltools.gnu-tools-for-stm32.10.3-2021.10.win32_1.0.0.202111181127/tools/bin/../lib/gcc/arm-none-eabi/10.3.1/../../../../arm-none-eabi/lib/thumb/v7e-m+fp/hard\libnosys.a
END GROUP
START GROUP
LOAD c:/st/stm32cubeide_1.9.0/stm32cubeide/plugins/com.st.stm32cube.ide.mcu.externaltools.gnu-tools-for-stm32.10.3-2021.10.win32_1.0.0.202111181127/tools/bin/../lib/gcc/arm-none-eabi/10.3.1/thumb/v7e-m+fp/hard\libgcc.a
LOAD c:/st/stm32cubeide_1.9.0/stm32cubeide/plugins/com.st.stm32cube.ide.mcu.externaltools.gnu-tools-for-stm32.10.3-2021.10.win32_1.0.0.202111181127/tools/bin/../lib/gcc/arm-none-eabi/10.3.1/../../../../arm-none-eabi/lib/thumb/v7e-m+fp/hard\libc_nano.a
LOAD c:/st/stm32cubeide_1.9.0/stm32cubeide/plugins/com.st.stm32cube.ide.mcu.externaltools.gnu-tools-for-stm32.10.3-2021.10.win32_1.0.0.202111181127/tools/bin/../lib/gcc/arm-none-eabi/10.3.1/../../../../arm-none-eabi/lib/thumb/v7e-m+fp/hard\libnosys.a
END GROUP
LOAD c:/st/stm32cubeide_1.9.0/stm32cubeide/plugins/com.st.stm32cube.ide.mcu.externaltools.gnu-tools-for-stm32.10.3-2021.10.win32_1.0.0.202111181127/tools/bin/../lib/gcc/arm-none-eabi/10.3.1/thumb/v7e-m+fp/hard/crtend.o
LOAD c:/st/stm32cubeide_1.9.0/stm32cubeide/plugins/com.st.stm32cube.ide.mcu.externaltools.gnu-tools-for-stm32.10.3-2021.10.win32_1.0.0.202111181127/tools/bin/../lib/gcc/arm-none-eabi/10.3.1/thumb/v7e-m+fp/hard/crtn.o
                0x0000000020020000                _estack = (ORIGIN (RAM) + LENGTH (RAM))
                0x0000000000000200                _Min_Heap_Size = 0x200
                0x0000000000000400                _Min_Stack_Size = 0x400

.isr_vector     0x0000000008000000      0x198
                0x0000000008000000                . = ALIGN (0x4)
 *(.isr_vector)
 .isr_vector    0x0000000008000000      0x198 ./Core/Startup/startup_stm32f411vetx.o
                0x0000000008000000                g_pfnVectors
                0x0000000008000198                . = ALIGN (0x4)

.text           0x0000000008000198     0x882c
                0x0000000008000198                . = ALIGN (0x4)
 *(.text)
 .text          0x0000000008000198       0x40 c:/st/stm32cubeide_1.9.0/stm32cubeide/plugins/com.st.stm32cube.ide.mcu.externaltools.gnu-tools-for-stm32.10.3-2021.10.win32_1.0.0.202111181127/tools/bin/../lib/gcc/arm-none-eabi/10.3.1/thumb/v7e-m+fp/hard/crtbegin.o
 .text          0x00000000080001d8       0x30 c:/st/stm32cubeide_1.9.0/stm32cubeide/plugins/com.st.stm32cube.ide.mcu.externaltools.gnu-tools-for-stm32.10.3-2021.10.win32_1.0.0.202111181127/tools/bin/../lib/gcc/arm-none-eabi/10.3.1/thumb/v7e-m+fp/hard\libgcc.a(_aeabi_uldivmod.o)
                0x00000000080001d8                __aeabi_uldivmod
 .text          0x0000000008000208      0x2d0 c:/st/stm32cubeide_1.9.0/stm32cubeide/plugins/com.st.stm32cube.ide.mcu.externaltools.gnu-tools-for-stm32.10.3-2021.10.win32_1.0.0.202111181127/tools/bin/../lib/gcc/arm-none-eabi/10.3.1/thumb/v7e-m+fp/hard\libgcc.a(_udivmoddi4.o)
                0x0000000008000208                __udivmoddi4
 .text          0x00000000080004d8        0x4 c:/st/stm32cubeide_1.9.0/stm32cubeide/plugins/com.st.stm32cube.ide.mcu.externaltools.gnu-tools-for-stm32.10.3-2021.10.win32_1.0.0.202111181127/tools/bin/../lib/gcc/arm-none-eabi/10.3.1/thumb/v7e-m+fp/hard\libgcc.a(_dvmd_tls.o)
                0x00000000080004d8                __aeabi_idiv0
                0x00000000080004d8                __aeabi_ldiv0
 *(.text*)
 .text.main     0x00000000080004dc       0x2e ./Core/Src/main.o
                0x00000000080004dc                main
 *fill*         0x000000000800050a        0x2 
 .text.SystemClock_Config
                0x000000000800050c       0xd0 ./Core/Src/main.o
                0x000000000800050c                SystemClock_Config
 .text.PeriphCommonClock_Config
                0x00000000080005dc       0x44 ./Core/Src/main.o
                0x00000000080005dc                PeriphCommonClock_Config
 .text.MX_I2C1_Init
                0x0000000008000620       0x5c ./Core/Src/main.o
 .text.MX_I2S2_Init
                0x000000000800067c       0x5c ./Core/Src/main.o
 .text.MX_I2S3_Init
                0x00000000080006d8       0x5c ./Core/Src/main.o
 .text.MX_SPI1_Init
                0x0000000008000734       0x6c ./Core/Src/main.o
 .text.MX_TIM2_Init
                0x00000000080007a0       0xa4 ./Core/Src/main.o
 .text.MX_GPIO_Init
                0x0000000008000844      0x1b4 ./Core/Src/main.o
 .text.Error_Handler
                0x00000000080009f8        0xa ./Core/Src/main.o
                0x00000000080009f8                Error_Handler
 *fill*         0x0000000008000a02        0x2 
 .text.HAL_MspInit
                0x0000000008000a04       0x50 ./Core/Src/stm32f4xx_hal_msp.o
                0x0000000008000a04                HAL_MspInit
 .text.HAL_I2C_MspInit
                0x0000000008000a54       0x90 ./Core/Src/stm32f4xx_hal_msp.o
                0x0000000008000a54                HAL_I2C_MspInit
 .text.HAL_I2S_MspInit
                0x0000000008000ae4      0x19c ./Core/Src/stm32f4xx_hal_msp.o
                0x0000000008000ae4                HAL_I2S_MspInit
 .text.HAL_SPI_MspInit
                0x0000000008000c80       0x90 ./Core/Src/stm32f4xx_hal_msp.o
                0x0000000008000c80                HAL_SPI_MspInit
 .text.HAL_TIM_Base_MspInit
                0x0000000008000d10       0x8c ./Core/Src/stm32f4xx_hal_msp.o
                0x0000000008000d10                HAL_TIM_Base_MspInit
 .text.NMI_Handler
                0x0000000008000d9c        0x6 ./Core/Src/stm32f4xx_it.o
                0x0000000008000d9c                NMI_Handler
 .text.HardFault_Handler
                0x0000000008000da2        0x6 ./Core/Src/stm32f4xx_it.o
                0x0000000008000da2                HardFault_Handler
 .text.MemManage_Handler
                0x0000000008000da8        0x6 ./Core/Src/stm32f4xx_it.o
                0x0000000008000da8                MemManage_Handler
 .text.BusFault_Handler
                0x0000000008000dae        0x6 ./Core/Src/stm32f4xx_it.o
                0x0000000008000dae                BusFault_Handler
 .text.UsageFault_Handler
                0x0000000008000db4        0x6 ./Core/Src/stm32f4xx_it.o
                0x0000000008000db4                UsageFault_Handler
 .text.SVC_Handler
                0x0000000008000dba        0xe ./Core/Src/stm32f4xx_it.o
                0x0000000008000dba                SVC_Handler
 .text.DebugMon_Handler
                0x0000000008000dc8        0xe ./Core/Src/stm32f4xx_it.o
                0x0000000008000dc8                DebugMon_Handler
 .text.PendSV_Handler
                0x0000000008000dd6        0xe ./Core/Src/stm32f4xx_it.o
                0x0000000008000dd6                PendSV_Handler
 .text.SysTick_Handler
                0x0000000008000de4        0xc ./Core/Src/stm32f4xx_it.o
                0x0000000008000de4                SysTick_Handler
 .text.OTG_FS_IRQHandler
                0x0000000008000df0       0x14 ./Core/Src/stm32f4xx_it.o
                0x0000000008000df0                OTG_FS_IRQHandler
 .text.SystemInit
                0x0000000008000e04       0x24 ./Core/Src/system_stm32f4xx.o
                0x0000000008000e04                SystemInit
 .text.Reset_Handler
                0x0000000008000e28       0x50 ./Core/Startup/startup_stm32f411vetx.o
                0x0000000008000e28                Reset_Handler
 .text.Default_Handler
                0x0000000008000e78        0x2 ./Core/Startup/startup_stm32f411vetx.o
                0x0000000008000e78                RTC_Alarm_IRQHandler
                0x0000000008000e78                EXTI2_IRQHandler
                0x0000000008000e78                SPI4_IRQHandler
                0x0000000008000e78                TIM1_CC_IRQHandler
                0x0000000008000e78                DMA2_Stream5_IRQHandler
                0x0000000008000e78                DMA1_Stream5_IRQHandler
                0x0000000008000e78                PVD_IRQHandler
                0x0000000008000e78                SDIO_IRQHandler
                0x0000000008000e78                TAMP_STAMP_IRQHandler
                0x0000000008000e78                EXTI3_IRQHandler
                0x0000000008000e78                TIM1_UP_TIM10_IRQHandler
                0x0000000008000e78                I2C3_ER_IRQHandler
                0x0000000008000e78                EXTI0_IRQHandler
                0x0000000008000e78                I2C2_EV_IRQHandler
                0x0000000008000e78                DMA1_Stream2_IRQHandler
                0x0000000008000e78                FPU_IRQHandler
                0x0000000008000e78                DMA2_Stream2_IRQHandler
                0x0000000008000e78                SPI1_IRQHandler
                0x0000000008000e78                TIM1_BRK_TIM9_IRQHandler
                0x0000000008000e78                DMA2_Stream3_IRQHandler
                0x0000000008000e78                USART6_IRQHandler
                0x0000000008000e78                DMA2_Stream0_IRQHandler
                0x0000000008000e78                TIM4_IRQHandler
                0x0000000008000e78                I2C1_EV_IRQHandler
                0x0000000008000e78                DMA1_Stream6_IRQHandler
                0x0000000008000e78                DMA1_Stream1_IRQHandler
                0x0000000008000e78                TIM3_IRQHandler
                0x0000000008000e78                RCC_IRQHandler
                0x0000000008000e78                Default_Handler
                0x0000000008000e78                EXTI15_10_IRQHandler
                0x0000000008000e78                ADC_IRQHandler
                0x0000000008000e78                DMA1_Stream7_IRQHandler
                0x0000000008000e78                SPI5_IRQHandler
                0x0000000008000e78                TIM5_IRQHandler
                0x0000000008000e78                DMA2_Stream7_IRQHandler
                0x0000000008000e78                I2C3_EV_IRQHandler
                0x0000000008000e78                EXTI9_5_IRQHandler
                0x0000000008000e78                RTC_WKUP_IRQHandler
                0x0000000008000e78                SPI2_IRQHandler
                0x0000000008000e78                DMA1_Stream0_IRQHandler
                0x0000000008000e78                EXTI4_IRQHandler
                0x0000000008000e78                WWDG_IRQHandler
                0x0000000008000e78                TIM2_IRQHandler
                0x0000000008000e78                OTG_FS_WKUP_IRQHandler
                0x0000000008000e78                TIM1_TRG_COM_TIM11_IRQHandler
                0x0000000008000e78                EXTI1_IRQHandler
                0x0000000008000e78                USART2_IRQHandler
                0x0000000008000e78                I2C2_ER_IRQHandler
                0x0000000008000e78                DMA2_Stream1_IRQHandler
                0x0000000008000e78                FLASH_IRQHandler
                0x0000000008000e78                DMA2_Stream4_IRQHandler
                0x0000000008000e78                USART1_IRQHandler
                0x0000000008000e78                SPI3_IRQHandler
                0x0000000008000e78                DMA1_Stream4_IRQHandler
                0x0000000008000e78                I2C1_ER_IRQHandler
                0x0000000008000e78                DMA2_Stream6_IRQHandler
                0x0000000008000e78                DMA1_Stream3_IRQHandler
 *fill*         0x0000000008000e7a        0x2 
 .text.HAL_Init
                0x0000000008000e7c       0x44 ./Drivers/STM32F4xx_HAL_Driver/Src/stm32f4xx_hal.o
                0x0000000008000e7c                HAL_Init
 .text.HAL_InitTick
                0x0000000008000ec0       0x60 ./Drivers/STM32F4xx_HAL_Driver/Src/stm32f4xx_hal.o
                0x0000000008000ec0                HAL_InitTick
 .text.HAL_IncTick
                0x0000000008000f20       0x28 ./Drivers/STM32F4xx_HAL_Driver/Src/stm32f4xx_hal.o
                0x0000000008000f20                HAL_IncTick
 .text.HAL_GetTick
                0x0000000008000f48       0x18 ./Drivers/STM32F4xx_HAL_Driver/Src/stm32f4xx_hal.o
                0x0000000008000f48                HAL_GetTick
 .text.HAL_Delay
                0x0000000008000f60       0x48 ./Drivers/STM32F4xx_HAL_Driver/Src/stm32f4xx_hal.o
                0x0000000008000f60                HAL_Delay
 .text.__NVIC_SetPriorityGrouping
                0x0000000008000fa8       0x48 ./Drivers/STM32F4xx_HAL_Driver/Src/stm32f4xx_hal_cortex.o
 .text.__NVIC_GetPriorityGrouping
                0x0000000008000ff0       0x1c ./Drivers/STM32F4xx_HAL_Driver/Src/stm32f4xx_hal_cortex.o
 .text.__NVIC_EnableIRQ
                0x000000000800100c       0x3c ./Drivers/STM32F4xx_HAL_Driver/Src/stm32f4xx_hal_cortex.o
 .text.__NVIC_SetPriority
                0x0000000008001048       0x54 ./Drivers/STM32F4xx_HAL_Driver/Src/stm32f4xx_hal_cortex.o
 .text.NVIC_EncodePriority
                0x000000000800109c       0x66 ./Drivers/STM32F4xx_HAL_Driver/Src/stm32f4xx_hal_cortex.o
 *fill*         0x0000000008001102        0x2 
 .text.SysTick_Config
                0x0000000008001104       0x44 ./Drivers/STM32F4xx_HAL_Driver/Src/stm32f4xx_hal_cortex.o
 .text.HAL_NVIC_SetPriorityGrouping
                0x0000000008001148       0x16 ./Drivers/STM32F4xx_HAL_Driver/Src/stm32f4xx_hal_cortex.o
                0x0000000008001148                HAL_NVIC_SetPriorityGrouping
 .text.HAL_NVIC_SetPriority
                0x000000000800115e       0x38 ./Drivers/STM32F4xx_HAL_Driver/Src/stm32f4xx_hal_cortex.o
                0x000000000800115e                HAL_NVIC_SetPriority
 .text.HAL_NVIC_EnableIRQ
                0x0000000008001196       0x1c ./Drivers/STM32F4xx_HAL_Driver/Src/stm32f4xx_hal_cortex.o
                0x0000000008001196                HAL_NVIC_EnableIRQ
 .text.HAL_SYSTICK_Config
                0x00000000080011b2       0x18 ./Drivers/STM32F4xx_HAL_Driver/Src/stm32f4xx_hal_cortex.o
                0x00000000080011b2                HAL_SYSTICK_Config
 *fill*         0x00000000080011ca        0x2 
 .text.HAL_GPIO_Init
                0x00000000080011cc      0x308 ./Drivers/STM32F4xx_HAL_Driver/Src/stm32f4xx_hal_gpio.o
                0x00000000080011cc                HAL_GPIO_Init
 .text.HAL_GPIO_WritePin
                0x00000000080014d4       0x32 ./Drivers/STM32F4xx_HAL_Driver/Src/stm32f4xx_hal_gpio.o
                0x00000000080014d4                HAL_GPIO_WritePin
 *fill*         0x0000000008001506        0x2 
 .text.HAL_I2C_Init
                0x0000000008001508      0x288 ./Drivers/STM32F4xx_HAL_Driver/Src/stm32f4xx_hal_i2c.o
                0x0000000008001508                HAL_I2C_Init
 .text.HAL_I2S_Init
                0x0000000008001790      0x280 ./Drivers/STM32F4xx_HAL_Driver/Src/stm32f4xx_hal_i2s.o
                0x0000000008001790                HAL_I2S_Init
 .text.HAL_I2S_TxCpltCallback
                0x0000000008001a10       0x14 ./Drivers/STM32F4xx_HAL_Driver/Src/stm32f4xx_hal_i2s.o
                0x0000000008001a10                HAL_I2S_TxCpltCallback
 .text.HAL_I2S_RxCpltCallback
                0x0000000008001a24       0x14 ./Drivers/STM32F4xx_HAL_Driver/Src/stm32f4xx_hal_i2s.o
                0x0000000008001a24                HAL_I2S_RxCpltCallback
 .text.HAL_I2S_ErrorCallback
                0x0000000008001a38       0x14 ./Drivers/STM32F4xx_HAL_Driver/Src/stm32f4xx_hal_i2s.o
                0x0000000008001a38                HAL_I2S_ErrorCallback
 .text.I2S_Transmit_IT
                0x0000000008001a4c       0x5c ./Drivers/STM32F4xx_HAL_Driver/Src/stm32f4xx_hal_i2s.o
 .text.I2S_Receive_IT
                0x0000000008001aa8       0x5e ./Drivers/STM32F4xx_HAL_Driver/Src/stm32f4xx_hal_i2s.o
 .text.I2S_IRQHandler
                0x0000000008001b06      0x114 ./Drivers/STM32F4xx_HAL_Driver/Src/stm32f4xx_hal_i2s.o
 *fill*         0x0000000008001c1a        0x2 
 .text.HAL_I2SEx_FullDuplex_IRQHandler
                0x0000000008001c1c      0x2a8 ./Drivers/STM32F4xx_HAL_Driver/Src/stm32f4xx_hal_i2s_ex.o
                0x0000000008001c1c                HAL_I2SEx_FullDuplex_IRQHandler
 .text.HAL_I2SEx_TxRxCpltCallback
                0x0000000008001ec4       0x14 ./Drivers/STM32F4xx_HAL_Driver/Src/stm32f4xx_hal_i2s_ex.o
                0x0000000008001ec4                HAL_I2SEx_TxRxCpltCallback
 .text.I2SEx_TxISR_I2S
                0x0000000008001ed8       0x62 ./Drivers/STM32F4xx_HAL_Driver/Src/stm32f4xx_hal_i2s_ex.o
 *fill*         0x0000000008001f3a        0x2 
 .text.I2SEx_TxISR_I2SExt
                0x0000000008001f3c       0x98 ./Drivers/STM32F4xx_HAL_Driver/Src/stm32f4xx_hal_i2s_ex.o
 .text.I2SEx_RxISR_I2S
                0x0000000008001fd4       0x64 ./Drivers/STM32F4xx_HAL_Driver/Src/stm32f4xx_hal_i2s_ex.o
 .text.I2SEx_RxISR_I2SExt
                0x0000000008002038       0x98 ./Drivers/STM32F4xx_HAL_Driver/Src/stm32f4xx_hal_i2s_ex.o
 .text.HAL_PCD_Init
                0x00000000080020d0      0x23a ./Drivers/STM32F4xx_HAL_Driver/Src/stm32f4xx_hal_pcd.o
                0x00000000080020d0                HAL_PCD_Init
 .text.HAL_PCD_Start
                0x000000000800230a       0x66 ./Drivers/STM32F4xx_HAL_Driver/Src/stm32f4xx_hal_pcd.o
                0x000000000800230a                HAL_PCD_Start
 .text.HAL_PCD_IRQHandler
                0x0000000008002370      0x93e ./Drivers/STM32F4xx_HAL_Driver/Src/stm32f4xx_hal_pcd.o
                0x0000000008002370                HAL_PCD_IRQHandler
 .text.HAL_PCD_SetAddress
                0x0000000008002cae       0x4a ./Drivers/STM32F4xx_HAL_Driver/Src/stm32f4xx_hal_pcd.o
                0x0000000008002cae                HAL_PCD_SetAddress
 .text.HAL_PCD_EP_Open
                0x0000000008002cf8       0xd0 ./Drivers/STM32F4xx_HAL_Driver/Src/stm32f4xx_hal_pcd.o
                0x0000000008002cf8                HAL_PCD_EP_Open
 .text.HAL_PCD_EP_Close
                0x0000000008002dc8       0x94 ./Drivers/STM32F4xx_HAL_Driver/Src/stm32f4xx_hal_pcd.o
                0x0000000008002dc8                HAL_PCD_EP_Close
 .text.HAL_PCD_EP_Receive
                0x0000000008002e5c       0x96 ./Drivers/STM32F4xx_HAL_Driver/Src/stm32f4xx_hal_pcd.o
                0x0000000008002e5c                HAL_PCD_EP_Receive
 .text.HAL_PCD_EP_GetRxCount
                0x0000000008002ef2       0x30 ./Drivers/STM32F4xx_HAL_Driver/Src/stm32f4xx_hal_pcd.o
                0x0000000008002ef2                HAL_PCD_EP_GetRxCount
 .text.HAL_PCD_EP_Transmit
                0x0000000008002f22       0x94 ./Drivers/STM32F4xx_HAL_Driver/Src/stm32f4xx_hal_pcd.o
                0x0000000008002f22                HAL_PCD_EP_Transmit
 .text.HAL_PCD_EP_SetStall
                0x0000000008002fb6       0xc8 ./Drivers/STM32F4xx_HAL_Driver/Src/stm32f4xx_hal_pcd.o
                0x0000000008002fb6                HAL_PCD_EP_SetStall
 .text.HAL_PCD_EP_ClrStall
                0x000000000800307e       0xac ./Drivers/STM32F4xx_HAL_Driver/Src/stm32f4xx_hal_pcd.o
                0x000000000800307e                HAL_PCD_EP_ClrStall
 .text.HAL_PCD_EP_Abort
                0x000000000800312a       0x62 ./Drivers/STM32F4xx_HAL_Driver/Src/stm32f4xx_hal_pcd.o
                0x000000000800312a                HAL_PCD_EP_Abort
 .text.PCD_WriteEmptyTxFifo
                0x000000000800318c      0x11a ./Drivers/STM32F4xx_HAL_Driver/Src/stm32f4xx_hal_pcd.o
 *fill*         0x00000000080032a6        0x2 
 .text.PCD_EP_OutXfrComplete_int
                0x00000000080032a8      0x1d0 ./Drivers/STM32F4xx_HAL_Driver/Src/stm32f4xx_hal_pcd.o
 .text.PCD_EP_OutSetupPacket_int
                0x0000000008003478       0x8c ./Drivers/STM32F4xx_HAL_Driver/Src/stm32f4xx_hal_pcd.o
 .text.HAL_PCDEx_SetTxFiFo
                0x0000000008003504       0x8e ./Drivers/STM32F4xx_HAL_Driver/Src/stm32f4xx_hal_pcd_ex.o
                0x0000000008003504                HAL_PCDEx_SetTxFiFo
 .text.HAL_PCDEx_SetRxFiFo
                0x0000000008003592       0x22 ./Drivers/STM32F4xx_HAL_Driver/Src/stm32f4xx_hal_pcd_ex.o
                0x0000000008003592                HAL_PCDEx_SetRxFiFo
 .text.HAL_PCDEx_LPM_Callback
                0x00000000080035b4       0x18 ./Drivers/STM32F4xx_HAL_Driver/Src/stm32f4xx_hal_pcd_ex.o
                0x00000000080035b4                HAL_PCDEx_LPM_Callback
 .text.HAL_RCC_OscConfig
                0x00000000080035cc      0x4f0 ./Drivers/STM32F4xx_HAL_Driver/Src/stm32f4xx_hal_rcc.o
                0x00000000080035cc                HAL_RCC_OscConfig
 .text.HAL_RCC_ClockConfig
                0x0000000008003abc      0x1cc ./Drivers/STM32F4xx_HAL_Driver/Src/stm32f4xx_hal_rcc.o
                0x0000000008003abc                HAL_RCC_ClockConfig
 .text.HAL_RCC_GetSysClockFreq
                0x0000000008003c88      0x20c ./Drivers/STM32F4xx_HAL_Driver/Src/stm32f4xx_hal_rcc.o
                0x0000000008003c88                HAL_RCC_GetSysClockFreq
 .text.HAL_RCC_GetHCLKFreq
                0x0000000008003e94       0x18 ./Drivers/STM32F4xx_HAL_Driver/Src/stm32f4xx_hal_rcc.o
                0x0000000008003e94                HAL_RCC_GetHCLKFreq
 .text.HAL_RCC_GetPCLK1Freq
                0x0000000008003eac       0x28 ./Drivers/STM32F4xx_HAL_Driver/Src/stm32f4xx_hal_rcc.o
                0x0000000008003eac                HAL_RCC_GetPCLK1Freq
 .text.HAL_RCCEx_PeriphCLKConfig
                0x0000000008003ed4      0x1e0 ./Drivers/STM32F4xx_HAL_Driver/Src/stm32f4xx_hal_rcc_ex.o
                0x0000000008003ed4                HAL_RCCEx_PeriphCLKConfig
 .text.HAL_RCCEx_GetPeriphCLKFreq
                0x00000000080040b4       0xc0 ./Drivers/STM32F4xx_HAL_Driver/Src/stm32f4xx_hal_rcc_ex.o
                0x00000000080040b4                HAL_RCCEx_GetPeriphCLKFreq
 .text.HAL_SPI_Init
                0x0000000008004174      0x112 ./Drivers/STM32F4xx_HAL_Driver/Src/stm32f4xx_hal_spi.o
                0x0000000008004174                HAL_SPI_Init
 .text.HAL_TIM_Base_Init
                0x0000000008004286       0x9e ./Drivers/STM32F4xx_HAL_Driver/Src/stm32f4xx_hal_tim.o
                0x0000000008004286                HAL_TIM_Base_Init
 .text.HAL_TIM_ConfigClockSource
                0x0000000008004324      0x18e ./Drivers/STM32F4xx_HAL_Driver/Src/stm32f4xx_hal_tim.o
                0x0000000008004324                HAL_TIM_ConfigClockSource
 *fill*         0x00000000080044b2        0x2 
 .text.TIM_Base_SetConfig
                0x00000000080044b4      0x100 ./Drivers/STM32F4xx_HAL_Driver/Src/stm32f4xx_hal_tim.o
                0x00000000080044b4                TIM_Base_SetConfig
 .text.TIM_TI1_ConfigInputStage
                0x00000000080045b4       0x5e ./Drivers/STM32F4xx_HAL_Driver/Src/stm32f4xx_hal_tim.o
 .text.TIM_TI2_ConfigInputStage
                0x0000000008004612       0x60 ./Drivers/STM32F4xx_HAL_Driver/Src/stm32f4xx_hal_tim.o
 .text.TIM_ITRx_SetConfig
                0x0000000008004672       0x36 ./Drivers/STM32F4xx_HAL_Driver/Src/stm32f4xx_hal_tim.o
 .text.TIM_ETR_SetConfig
                0x00000000080046a8       0x40 ./Drivers/STM32F4xx_HAL_Driver/Src/stm32f4xx_hal_tim.o
                0x00000000080046a8                TIM_ETR_SetConfig
 .text.HAL_TIMEx_MasterConfigSynchronization
                0x00000000080046e8       0xdc ./Drivers/STM32F4xx_HAL_Driver/Src/stm32f4xx_hal_tim_ex.o
                0x00000000080046e8                HAL_TIMEx_MasterConfigSynchronization
 .text.USB_CoreInit
                0x00000000080047c4       0xc2 ./Drivers/STM32F4xx_HAL_Driver/Src/stm32f4xx_ll_usb.o
                0x00000000080047c4                USB_CoreInit
 *fill*         0x0000000008004886        0x2 
 .text.USB_SetTurnaroundTime
                0x0000000008004888      0x144 ./Drivers/STM32F4xx_HAL_Driver/Src/stm32f4xx_ll_usb.o
                0x0000000008004888                USB_SetTurnaroundTime
 .text.USB_EnableGlobalInt
                0x00000000080049cc       0x22 ./Drivers/STM32F4xx_HAL_Driver/Src/stm32f4xx_ll_usb.o
                0x00000000080049cc                USB_EnableGlobalInt
 .text.USB_DisableGlobalInt
                0x00000000080049ee       0x22 ./Drivers/STM32F4xx_HAL_Driver/Src/stm32f4xx_ll_usb.o
                0x00000000080049ee                USB_DisableGlobalInt
 .text.USB_SetCurrentMode
                0x0000000008004a10       0x98 ./Drivers/STM32F4xx_HAL_Driver/Src/stm32f4xx_ll_usb.o
                0x0000000008004a10                USB_SetCurrentMode
 .text.USB_DevInit
                0x0000000008004aa8      0x2c8 ./Drivers/STM32F4xx_HAL_Driver/Src/stm32f4xx_ll_usb.o
                0x0000000008004aa8                USB_DevInit
 .text.USB_FlushTxFifo
                0x0000000008004d70       0x68 ./Drivers/STM32F4xx_HAL_Driver/Src/stm32f4xx_ll_usb.o
                0x0000000008004d70                USB_FlushTxFifo
 .text.USB_FlushRxFifo
                0x0000000008004dd8       0x60 ./Drivers/STM32F4xx_HAL_Driver/Src/stm32f4xx_ll_usb.o
                0x0000000008004dd8                USB_FlushRxFifo
 .text.USB_SetDevSpeed
                0x0000000008004e38       0x32 ./Drivers/STM32F4xx_HAL_Driver/Src/stm32f4xx_ll_usb.o
                0x0000000008004e38                USB_SetDevSpeed
 .text.USB_GetDevSpeed
                0x0000000008004e6a       0x4a ./Drivers/STM32F4xx_HAL_Driver/Src/stm32f4xx_ll_usb.o
                0x0000000008004e6a                USB_GetDevSpeed
 .text.USB_ActivateEndpoint
                0x0000000008004eb4      0x10e ./Drivers/STM32F4xx_HAL_Driver/Src/stm32f4xx_ll_usb.o
                0x0000000008004eb4                USB_ActivateEndpoint
 *fill*         0x0000000008004fc2        0x2 
 .text.USB_DeactivateEndpoint
                0x0000000008004fc4      0x1b8 ./Drivers/STM32F4xx_HAL_Driver/Src/stm32f4xx_ll_usb.o
                0x0000000008004fc4                USB_DeactivateEndpoint
 .text.USB_EPStartXfer
                0x000000000800517c      0x490 ./Drivers/STM32F4xx_HAL_Driver/Src/stm32f4xx_ll_usb.o
                0x000000000800517c                USB_EPStartXfer
 .text.USB_EP0StartXfer
                0x000000000800560c      0x2b0 ./Drivers/STM32F4xx_HAL_Driver/Src/stm32f4xx_ll_usb.o
                0x000000000800560c                USB_EP0StartXfer
 .text.USB_EPStopXfer
                0x00000000080058bc      0x154 ./Drivers/STM32F4xx_HAL_Driver/Src/stm32f4xx_ll_usb.o
                0x00000000080058bc                USB_EPStopXfer
 .text.USB_WritePacket
                0x0000000008005a10       0x7c ./Drivers/STM32F4xx_HAL_Driver/Src/stm32f4xx_ll_usb.o
                0x0000000008005a10                USB_WritePacket
 .text.USB_ReadPacket
                0x0000000008005a8c       0xb0 ./Drivers/STM32F4xx_HAL_Driver/Src/stm32f4xx_ll_usb.o
                0x0000000008005a8c                USB_ReadPacket
 .text.USB_EPSetStall
                0x0000000008005b3c       0xdc ./Drivers/STM32F4xx_HAL_Driver/Src/stm32f4xx_ll_usb.o
                0x0000000008005b3c                USB_EPSetStall
 .text.USB_EPClearStall
                0x0000000008005c18       0xcc ./Drivers/STM32F4xx_HAL_Driver/Src/stm32f4xx_ll_usb.o
                0x0000000008005c18                USB_EPClearStall
 .text.USB_SetDevAddress
                0x0000000008005ce4       0x4c ./Drivers/STM32F4xx_HAL_Driver/Src/stm32f4xx_ll_usb.o
                0x0000000008005ce4                USB_SetDevAddress
 .text.USB_DevConnect
                0x0000000008005d30       0x42 ./Drivers/STM32F4xx_HAL_Driver/Src/stm32f4xx_ll_usb.o
                0x0000000008005d30                USB_DevConnect
 .text.USB_DevDisconnect
                0x0000000008005d72       0x42 ./Drivers/STM32F4xx_HAL_Driver/Src/stm32f4xx_ll_usb.o
                0x0000000008005d72                USB_DevDisconnect
 .text.USB_ReadInterrupts
                0x0000000008005db4       0x26 ./Drivers/STM32F4xx_HAL_Driver/Src/stm32f4xx_ll_usb.o
                0x0000000008005db4                USB_ReadInterrupts
 .text.USB_ReadDevAllOutEpInterrupt
                0x0000000008005dda       0x34 ./Drivers/STM32F4xx_HAL_Driver/Src/stm32f4xx_ll_usb.o
                0x0000000008005dda                USB_ReadDevAllOutEpInterrupt
 .text.USB_ReadDevAllInEpInterrupt
                0x0000000008005e0e       0x34 ./Drivers/STM32F4xx_HAL_Driver/Src/stm32f4xx_ll_usb.o
                0x0000000008005e0e                USB_ReadDevAllInEpInterrupt
 .text.USB_ReadDevOutEPInterrupt
                0x0000000008005e42       0x3c ./Drivers/STM32F4xx_HAL_Driver/Src/stm32f4xx_ll_usb.o
                0x0000000008005e42                USB_ReadDevOutEPInterrupt
 .text.USB_ReadDevInEPInterrupt
                0x0000000008005e7e       0x5c ./Drivers/STM32F4xx_HAL_Driver/Src/stm32f4xx_ll_usb.o
                0x0000000008005e7e                USB_ReadDevInEPInterrupt
 .text.USB_GetMode
                0x0000000008005eda       0x1c ./Drivers/STM32F4xx_HAL_Driver/Src/stm32f4xx_ll_usb.o
                0x0000000008005eda                USB_GetMode
 .text.USB_ActivateSetup
                0x0000000008005ef6       0x46 ./Drivers/STM32F4xx_HAL_Driver/Src/stm32f4xx_ll_usb.o
                0x0000000008005ef6                USB_ActivateSetup
 .text.USB_EP0_OutStart
                0x0000000008005f3c       0xbc ./Drivers/STM32F4xx_HAL_Driver/Src/stm32f4xx_ll_usb.o
                0x0000000008005f3c                USB_EP0_OutStart
 .text.USB_CoreReset
                0x0000000008005ff8       0x68 ./Drivers/STM32F4xx_HAL_Driver/Src/stm32f4xx_ll_usb.o
 .text.USBD_CDC_Init
                0x0000000008006060      0x1f0 ./Middlewares/ST/STM32_USB_Device_Library/Class/CDC/Src/usbd_cdc.o
 .text.USBD_CDC_DeInit
                0x0000000008006250      0x104 ./Middlewares/ST/STM32_USB_Device_Library/Class/CDC/Src/usbd_cdc.o
 .text.USBD_CDC_Setup
                0x0000000008006354      0x1b8 ./Middlewares/ST/STM32_USB_Device_Library/Class/CDC/Src/usbd_cdc.o
 .text.USBD_CDC_DataIn
                0x000000000800650c       0xfe ./Middlewares/ST/STM32_USB_Device_Library/Class/CDC/Src/usbd_cdc.o
 .text.USBD_CDC_DataOut
                0x000000000800660a       0x70 ./Middlewares/ST/STM32_USB_Device_Library/Class/CDC/Src/usbd_cdc.o
 .text.USBD_CDC_EP0_RxReady
                0x000000000800667a       0x76 ./Middlewares/ST/STM32_USB_Device_Library/Class/CDC/Src/usbd_cdc.o
 .text.USBD_CDC_GetFSCfgDesc
                0x00000000080066f0       0x70 ./Middlewares/ST/STM32_USB_Device_Library/Class/CDC/Src/usbd_cdc.o
 .text.USBD_CDC_GetHSCfgDesc
                0x0000000008006760       0x70 ./Middlewares/ST/STM32_USB_Device_Library/Class/CDC/Src/usbd_cdc.o
 .text.USBD_CDC_GetOtherSpeedCfgDesc
                0x00000000080067d0       0x70 ./Middlewares/ST/STM32_USB_Device_Library/Class/CDC/Src/usbd_cdc.o
 .text.USBD_CDC_GetDeviceQualifierDescriptor
                0x0000000008006840       0x20 ./Middlewares/ST/STM32_USB_Device_Library/Class/CDC/Src/usbd_cdc.o
                0x0000000008006840                USBD_CDC_GetDeviceQualifierDescriptor
 .text.USBD_CDC_RegisterInterface
                0x0000000008006860       0x34 ./Middlewares/ST/STM32_USB_Device_Library/Class/CDC/Src/usbd_cdc.o
                0x0000000008006860                USBD_CDC_RegisterInterface
 .text.USBD_CDC_SetTxBuffer
                0x0000000008006894       0x44 ./Middlewares/ST/STM32_USB_Device_Library/Class/CDC/Src/usbd_cdc.o
                0x0000000008006894                USBD_CDC_SetTxBuffer
 .text.USBD_CDC_SetRxBuffer
                0x00000000080068d8       0x3a ./Middlewares/ST/STM32_USB_Device_Library/Class/CDC/Src/usbd_cdc.o
                0x00000000080068d8                USBD_CDC_SetRxBuffer
 *fill*         0x0000000008006912        0x2 
 .text.USBD_CDC_ReceivePacket
                0x0000000008006914       0x6c ./Middlewares/ST/STM32_USB_Device_Library/Class/CDC/Src/usbd_cdc.o
                0x0000000008006914                USBD_CDC_ReceivePacket
 .text.USBD_Init
                0x0000000008006980       0x60 ./Middlewares/ST/STM32_USB_Device_Library/Core/Src/usbd_core.o
                0x0000000008006980                USBD_Init
 .text.USBD_RegisterClass
                0x00000000080069e0       0x6c ./Middlewares/ST/STM32_USB_Device_Library/Core/Src/usbd_core.o
                0x00000000080069e0                USBD_RegisterClass
 .text.USBD_Start
                0x0000000008006a4c       0x18 ./Middlewares/ST/STM32_USB_Device_Library/Core/Src/usbd_core.o
                0x0000000008006a4c                USBD_Start
 .text.USBD_RunTestMode
                0x0000000008006a64       0x16 ./Middlewares/ST/STM32_USB_Device_Library/Core/Src/usbd_core.o
                0x0000000008006a64                USBD_RunTestMode
 .text.USBD_SetClassConfig
                0x0000000008006a7a       0x38 ./Middlewares/ST/STM32_USB_Device_Library/Core/Src/usbd_core.o
                0x0000000008006a7a                USBD_SetClassConfig
 .text.USBD_ClrClassConfig
                0x0000000008006ab2       0x34 ./Middlewares/ST/STM32_USB_Device_Library/Core/Src/usbd_core.o
                0x0000000008006ab2                USBD_ClrClassConfig
 .text.USBD_LL_SetupStage
                0x0000000008006ae6       0xaa ./Middlewares/ST/STM32_USB_Device_Library/Core/Src/usbd_core.o
                0x0000000008006ae6                USBD_LL_SetupStage
 .text.USBD_LL_DataOutStage
                0x0000000008006b90      0x166 ./Middlewares/ST/STM32_USB_Device_Library/Core/Src/usbd_core.o
                0x0000000008006b90                USBD_LL_DataOutStage
 .text.USBD_LL_DataInStage
                0x0000000008006cf6      0x164 ./Middlewares/ST/STM32_USB_Device_Library/Core/Src/usbd_core.o
                0x0000000008006cf6                USBD_LL_DataInStage
 .text.USBD_LL_Reset
                0x0000000008006e5a       0xa4 ./Middlewares/ST/STM32_USB_Device_Library/Core/Src/usbd_core.o
                0x0000000008006e5a                USBD_LL_Reset
 .text.USBD_LL_SetSpeed
                0x0000000008006efe       0x20 ./Middlewares/ST/STM32_USB_Device_Library/Core/Src/usbd_core.o
                0x0000000008006efe                USBD_LL_SetSpeed
 .text.USBD_LL_Suspend
                0x0000000008006f1e       0x2c ./Middlewares/ST/STM32_USB_Device_Library/Core/Src/usbd_core.o
                0x0000000008006f1e                USBD_LL_Suspend
 .text.USBD_LL_Resume
                0x0000000008006f4a       0x30 ./Middlewares/ST/STM32_USB_Device_Library/Core/Src/usbd_core.o
                0x0000000008006f4a                USBD_LL_Resume
 .text.USBD_LL_SOF
                0x0000000008006f7a       0x40 ./Middlewares/ST/STM32_USB_Device_Library/Core/Src/usbd_core.o
                0x0000000008006f7a                USBD_LL_SOF
 .text.USBD_LL_IsoINIncomplete
                0x0000000008006fba       0x64 ./Middlewares/ST/STM32_USB_Device_Library/Core/Src/usbd_core.o
                0x0000000008006fba                USBD_LL_IsoINIncomplete
 .text.USBD_LL_IsoOUTIncomplete
                0x000000000800701e       0x64 ./Middlewares/ST/STM32_USB_Device_Library/Core/Src/usbd_core.o
                0x000000000800701e                USBD_LL_IsoOUTIncomplete
 .text.USBD_LL_DevConnected
                0x0000000008007082       0x16 ./Middlewares/ST/STM32_USB_Device_Library/Core/Src/usbd_core.o
                0x0000000008007082                USBD_LL_DevConnected
 .text.USBD_LL_DevDisconnected
                0x0000000008007098       0x46 ./Middlewares/ST/STM32_USB_Device_Library/Core/Src/usbd_core.o
                0x0000000008007098                USBD_LL_DevDisconnected
 .text.USBD_CoreFindIF
                0x00000000080070de       0x1a ./Middlewares/ST/STM32_USB_Device_Library/Core/Src/usbd_core.o
                0x00000000080070de                USBD_CoreFindIF
 .text.USBD_CoreFindEP
                0x00000000080070f8       0x1a ./Middlewares/ST/STM32_USB_Device_Library/Core/Src/usbd_core.o
                0x00000000080070f8                USBD_CoreFindEP
 .text.USBD_GetEpDesc
                0x0000000008007112       0x74 ./Middlewares/ST/STM32_USB_Device_Library/Core/Src/usbd_core.o
                0x0000000008007112                USBD_GetEpDesc
 .text.USBD_GetNextDesc
                0x0000000008007186       0x3a ./Middlewares/ST/STM32_USB_Device_Library/Core/Src/usbd_core.o
                0x0000000008007186                USBD_GetNextDesc
 .text.SWAPBYTE
                0x00000000080071c0       0x3c ./Middlewares/ST/STM32_USB_Device_Library/Core/Src/usbd_ctlreq.o
 .text.USBD_StdDevReq
                0x00000000080071fc       0xe4 ./Middlewares/ST/STM32_USB_Device_Library/Core/Src/usbd_ctlreq.o
                0x00000000080071fc                USBD_StdDevReq
 .text.USBD_StdItfReq
                0x00000000080072e0       0xd8 ./Middlewares/ST/STM32_USB_Device_Library/Core/Src/usbd_ctlreq.o
                0x00000000080072e0                USBD_StdItfReq
 .text.USBD_StdEPReq
                0x00000000080073b8      0x33a ./Middlewares/ST/STM32_USB_Device_Library/Core/Src/usbd_ctlreq.o
                0x00000000080073b8                USBD_StdEPReq
 *fill*         0x00000000080076f2        0x2 
 .text.USBD_GetDescriptor
                0x00000000080076f4      0x2d4 ./Middlewares/ST/STM32_USB_Device_Library/Core/Src/usbd_ctlreq.o
 .text.USBD_SetAddress
                0x00000000080079c8       0x88 ./Middlewares/ST/STM32_USB_Device_Library/Core/Src/usbd_ctlreq.o
 .text.USBD_SetConfig
                0x0000000008007a50      0x154 ./Middlewares/ST/STM32_USB_Device_Library/Core/Src/usbd_ctlreq.o
 .text.USBD_GetConfig
                0x0000000008007ba4       0x6c ./Middlewares/ST/STM32_USB_Device_Library/Core/Src/usbd_ctlreq.o
 .text.USBD_GetStatus
                0x0000000008007c10       0x68 ./Middlewares/ST/STM32_USB_Device_Library/Core/Src/usbd_ctlreq.o
 .text.USBD_SetFeature
                0x0000000008007c78       0x52 ./Middlewares/ST/STM32_USB_Device_Library/Core/Src/usbd_ctlreq.o
 .text.USBD_ClrFeature
                0x0000000008007cca       0x44 ./Middlewares/ST/STM32_USB_Device_Library/Core/Src/usbd_ctlreq.o
 .text.USBD_ParseSetupRequest
                0x0000000008007d0e       0x74 ./Middlewares/ST/STM32_USB_Device_Library/Core/Src/usbd_ctlreq.o
                0x0000000008007d0e                USBD_ParseSetupRequest
 .text.USBD_CtlError
                0x0000000008007d82       0x22 ./Middlewares/ST/STM32_USB_Device_Library/Core/Src/usbd_ctlreq.o
                0x0000000008007d82                USBD_CtlError
 .text.USBD_GetString
                0x0000000008007da4       0x8c ./Middlewares/ST/STM32_USB_Device_Library/Core/Src/usbd_ctlreq.o
                0x0000000008007da4                USBD_GetString
 .text.USBD_GetLen
                0x0000000008007e30       0x34 ./Middlewares/ST/STM32_USB_Device_Library/Core/Src/usbd_ctlreq.o
 .text.USBD_CtlSendData
                0x0000000008007e64       0x36 ./Middlewares/ST/STM32_USB_Device_Library/Core/Src/usbd_ioreq.o
                0x0000000008007e64                USBD_CtlSendData
 .text.USBD_CtlContinueSendData
                0x0000000008007e9a       0x22 ./Middlewares/ST/STM32_USB_Device_Library/Core/Src/usbd_ioreq.o
                0x0000000008007e9a                USBD_CtlContinueSendData
 .text.USBD_CtlPrepareRx
                0x0000000008007ebc       0x3a ./Middlewares/ST/STM32_USB_Device_Library/Core/Src/usbd_ioreq.o
                0x0000000008007ebc                USBD_CtlPrepareRx
 .text.USBD_CtlContinueRx
                0x0000000008007ef6       0x22 ./Middlewares/ST/STM32_USB_Device_Library/Core/Src/usbd_ioreq.o
                0x0000000008007ef6                USBD_CtlContinueRx
 .text.USBD_CtlSendStatus
                0x0000000008007f18       0x26 ./Middlewares/ST/STM32_USB_Device_Library/Core/Src/usbd_ioreq.o
                0x0000000008007f18                USBD_CtlSendStatus
 .text.USBD_CtlReceiveStatus
                0x0000000008007f3e       0x26 ./Middlewares/ST/STM32_USB_Device_Library/Core/Src/usbd_ioreq.o
                0x0000000008007f3e                USBD_CtlReceiveStatus
 .text.MX_USB_DEVICE_Init
                0x0000000008007f64       0x60 ./USB_DEVICE/App/usb_device.o
                0x0000000008007f64                MX_USB_DEVICE_Init
 .text.CDC_Init_FS
                0x0000000008007fc4       0x28 ./USB_DEVICE/App/usbd_cdc_if.o
 .text.CDC_DeInit_FS
                0x0000000008007fec       0x10 ./USB_DEVICE/App/usbd_cdc_if.o
 .text.CDC_Control_FS
                0x0000000008007ffc       0xbc ./USB_DEVICE/App/usbd_cdc_if.o
 .text.CDC_Receive_FS
                0x00000000080080b8       0x28 ./USB_DEVICE/App/usbd_cdc_if.o
 .text.CDC_TransmitCplt_FS
                0x00000000080080e0       0x22 ./USB_DEVICE/App/usbd_cdc_if.o
 *fill*         0x0000000008008102        0x2 
 .text.USBD_FS_DeviceDescriptor
                0x0000000008008104       0x24 ./USB_DEVICE/App/usbd_desc.o
                0x0000000008008104                USBD_FS_DeviceDescriptor
 .text.USBD_FS_LangIDStrDescriptor
                0x0000000008008128       0x24 ./USB_DEVICE/App/usbd_desc.o
                0x0000000008008128                USBD_FS_LangIDStrDescriptor
 .text.USBD_FS_ProductStrDescriptor
                0x000000000800814c       0x3c ./USB_DEVICE/App/usbd_desc.o
                0x000000000800814c                USBD_FS_ProductStrDescriptor
 .text.USBD_FS_ManufacturerStrDescriptor
                0x0000000008008188       0x28 ./USB_DEVICE/App/usbd_desc.o
                0x0000000008008188                USBD_FS_ManufacturerStrDescriptor
 .text.USBD_FS_SerialStrDescriptor
                0x00000000080081b0       0x24 ./USB_DEVICE/App/usbd_desc.o
                0x00000000080081b0                USBD_FS_SerialStrDescriptor
 .text.USBD_FS_ConfigStrDescriptor
                0x00000000080081d4       0x3c ./USB_DEVICE/App/usbd_desc.o
                0x00000000080081d4                USBD_FS_ConfigStrDescriptor
 .text.USBD_FS_InterfaceStrDescriptor
                0x0000000008008210       0x3c ./USB_DEVICE/App/usbd_desc.o
                0x0000000008008210                USBD_FS_InterfaceStrDescriptor
 .text.Get_SerialNum
                0x000000000800824c       0x58 ./USB_DEVICE/App/usbd_desc.o
 .text.IntToUnicode
                0x00000000080082a4       0x7e ./USB_DEVICE/App/usbd_desc.o
 *fill*         0x0000000008008322        0x2 
 .text.HAL_PCD_MspInit
                0x0000000008008324       0xc4 ./USB_DEVICE/Target/usbd_conf.o
                0x0000000008008324                HAL_PCD_MspInit
 .text.HAL_PCD_SetupStageCallback
                0x00000000080083e8       0x24 ./USB_DEVICE/Target/usbd_conf.o
                0x00000000080083e8                HAL_PCD_SetupStageCallback
 .text.HAL_PCD_DataOutStageCallback
                0x000000000800840c       0x36 ./USB_DEVICE/Target/usbd_conf.o
                0x000000000800840c                HAL_PCD_DataOutStageCallback
 .text.HAL_PCD_DataInStageCallback
                0x0000000008008442       0x34 ./USB_DEVICE/Target/usbd_conf.o
                0x0000000008008442                HAL_PCD_DataInStageCallback
 .text.HAL_PCD_SOFCallback
                0x0000000008008476       0x1c ./USB_DEVICE/Target/usbd_conf.o
                0x0000000008008476                HAL_PCD_SOFCallback
 .text.HAL_PCD_ResetCallback
                0x0000000008008492       0x3c ./USB_DEVICE/Target/usbd_conf.o
                0x0000000008008492                HAL_PCD_ResetCallback
 *fill*         0x00000000080084ce        0x2 
 .text.HAL_PCD_SuspendCallback
                0x00000000080084d0       0x4c ./USB_DEVICE/Target/usbd_conf.o
                0x00000000080084d0                HAL_PCD_SuspendCallback
 .text.HAL_PCD_ResumeCallback
                0x000000000800851c       0x1c ./USB_DEVICE/Target/usbd_conf.o
                0x000000000800851c                HAL_PCD_ResumeCallback
 .text.HAL_PCD_ISOOUTIncompleteCallback
                0x0000000008008538       0x24 ./USB_DEVICE/Target/usbd_conf.o
                0x0000000008008538                HAL_PCD_ISOOUTIncompleteCallback
 .text.HAL_PCD_ISOINIncompleteCallback
                0x000000000800855c       0x24 ./USB_DEVICE/Target/usbd_conf.o
                0x000000000800855c                HAL_PCD_ISOINIncompleteCallback
 .text.HAL_PCD_ConnectCallback
                0x0000000008008580       0x1c ./USB_DEVICE/Target/usbd_conf.o
                0x0000000008008580                HAL_PCD_ConnectCallback
 .text.HAL_PCD_DisconnectCallback
                0x000000000800859c       0x1c ./USB_DEVICE/Target/usbd_conf.o
                0x000000000800859c                HAL_PCD_DisconnectCallback
 .text.USBD_LL_Init
                0x00000000080085b8       0x98 ./USB_DEVICE/Target/usbd_conf.o
                0x00000000080085b8                USBD_LL_Init
 .text.USBD_LL_Start
                0x0000000008008650       0x36 ./USB_DEVICE/Target/usbd_conf.o
                0x0000000008008650                USBD_LL_Start
 .text.USBD_LL_OpenEP
                0x0000000008008686       0x4c ./USB_DEVICE/Target/usbd_conf.o
                0x0000000008008686                USBD_LL_OpenEP
 .text.USBD_LL_CloseEP
                0x00000000080086d2       0x3e ./USB_DEVICE/Target/usbd_conf.o
                0x00000000080086d2                USBD_LL_CloseEP
 .text.USBD_LL_StallEP
                0x0000000008008710       0x3e ./USB_DEVICE/Target/usbd_conf.o
                0x0000000008008710                USBD_LL_StallEP
 .text.USBD_LL_ClearStallEP
                0x000000000800874e       0x3e ./USB_DEVICE/Target/usbd_conf.o
                0x000000000800874e                USBD_LL_ClearStallEP
 .text.USBD_LL_IsStallEP
                0x000000000800878c       0x58 ./USB_DEVICE/Target/usbd_conf.o
                0x000000000800878c                USBD_LL_IsStallEP
 .text.USBD_LL_SetUSBAddress
                0x00000000080087e4       0x3e ./USB_DEVICE/Target/usbd_conf.o
                0x00000000080087e4                USBD_LL_SetUSBAddress
 .text.USBD_LL_Transmit
                0x0000000008008822       0x42 ./USB_DEVICE/Target/usbd_conf.o
                0x0000000008008822                USBD_LL_Transmit
 .text.USBD_LL_PrepareReceive
                0x0000000008008864       0x42 ./USB_DEVICE/Target/usbd_conf.o
                0x0000000008008864                USBD_LL_PrepareReceive
 .text.USBD_LL_GetRxDataSize
                0x00000000080088a6       0x26 ./USB_DEVICE/Target/usbd_conf.o
                0x00000000080088a6                USBD_LL_GetRxDataSize
 .text.USBD_static_malloc
                0x00000000080088cc       0x1c ./USB_DEVICE/Target/usbd_conf.o
                0x00000000080088cc                USBD_static_malloc
 .text.USBD_static_free
                0x00000000080088e8       0x14 ./USB_DEVICE/Target/usbd_conf.o
                0x00000000080088e8                USBD_static_free
 .text.USBD_Get_USB_Status
                0x00000000080088fc       0x58 ./USB_DEVICE/Target/usbd_conf.o
                0x00000000080088fc                USBD_Get_USB_Status
 .text.__libc_init_array
                0x0000000008008954       0x48 c:/st/stm32cubeide_1.9.0/stm32cubeide/plugins/com.st.stm32cube.ide.mcu.externaltools.gnu-tools-for-stm32.10.3-2021.10.win32_1.0.0.202111181127/tools/bin/../lib/gcc/arm-none-eabi/10.3.1/../../../../arm-none-eabi/lib/thumb/v7e-m+fp/hard\libc_nano.a(lib_a-init.o)
                0x0000000008008954                __libc_init_array
 .text.memset   0x000000000800899c       0x10 c:/st/stm32cubeide_1.9.0/stm32cubeide/plugins/com.st.stm32cube.ide.mcu.externaltools.gnu-tools-for-stm32.10.3-2021.10.win32_1.0.0.202111181127/tools/bin/../lib/gcc/arm-none-eabi/10.3.1/../../../../arm-none-eabi/lib/thumb/v7e-m+fp/hard\libc_nano.a(lib_a-memset.o)
                0x000000000800899c                memset
 *(.glue_7)
 .glue_7        0x00000000080089ac        0x0 linker stubs
 *(.glue_7t)
 .glue_7t       0x00000000080089ac        0x0 linker stubs
 *(.eh_frame)
 .eh_frame      0x00000000080089ac        0x0 c:/st/stm32cubeide_1.9.0/stm32cubeide/plugins/com.st.stm32cube.ide.mcu.externaltools.gnu-tools-for-stm32.10.3-2021.10.win32_1.0.0.202111181127/tools/bin/../lib/gcc/arm-none-eabi/10.3.1/thumb/v7e-m+fp/hard/crtbegin.o
 *(.init)
 .init          0x00000000080089ac        0x4 c:/st/stm32cubeide_1.9.0/stm32cubeide/plugins/com.st.stm32cube.ide.mcu.externaltools.gnu-tools-for-stm32.10.3-2021.10.win32_1.0.0.202111181127/tools/bin/../lib/gcc/arm-none-eabi/10.3.1/thumb/v7e-m+fp/hard/crti.o
                0x00000000080089ac                _init
 .init          0x00000000080089b0        0x8 c:/st/stm32cubeide_1.9.0/stm32cubeide/plugins/com.st.stm32cube.ide.mcu.externaltools.gnu-tools-for-stm32.10.3-2021.10.win32_1.0.0.202111181127/tools/bin/../lib/gcc/arm-none-eabi/10.3.1/thumb/v7e-m+fp/hard/crtn.o
 *(.fini)
 .fini          0x00000000080089b8        0x4 c:/st/stm32cubeide_1.9.0/stm32cubeide/plugins/com.st.stm32cube.ide.mcu.externaltools.gnu-tools-for-stm32.10.3-2021.10.win32_1.0.0.202111181127/tools/bin/../lib/gcc/arm-none-eabi/10.3.1/thumb/v7e-m+fp/hard/crti.o
                0x00000000080089b8                _fini
 .fini          0x00000000080089bc        0x8 c:/st/stm32cubeide_1.9.0/stm32cubeide/plugins/com.st.stm32cube.ide.mcu.externaltools.gnu-tools-for-stm32.10.3-2021.10.win32_1.0.0.202111181127/tools/bin/../lib/gcc/arm-none-eabi/10.3.1/thumb/v7e-m+fp/hard/crtn.o
                0x00000000080089c4                . = ALIGN (0x4)
                0x00000000080089c4                _etext = .

.vfp11_veneer   0x00000000080089c4        0x0
 .vfp11_veneer  0x00000000080089c4        0x0 linker stubs

.v4_bx          0x00000000080089c4        0x0
 .v4_bx         0x00000000080089c4        0x0 linker stubs

.iplt           0x00000000080089c4        0x0
 .iplt          0x00000000080089c4        0x0 c:/st/stm32cubeide_1.9.0/stm32cubeide/plugins/com.st.stm32cube.ide.mcu.externaltools.gnu-tools-for-stm32.10.3-2021.10.win32_1.0.0.202111181127/tools/bin/../lib/gcc/arm-none-eabi/10.3.1/thumb/v7e-m+fp/hard/crtbegin.o

.rodata         0x00000000080089c4       0x60
                0x00000000080089c4                . = ALIGN (0x4)
 *(.rodata)
 .rodata        0x00000000080089c4       0x46 ./USB_DEVICE/App/usbd_desc.o
 *(.rodata*)
 *fill*         0x0000000008008a0a        0x2 
 .rodata.AHBPrescTable
                0x0000000008008a0c       0x10 ./Core/Src/system_stm32f4xx.o
                0x0000000008008a0c                AHBPrescTable
 .rodata.APBPrescTable
                0x0000000008008a1c        0x8 ./Core/Src/system_stm32f4xx.o
                0x0000000008008a1c                APBPrescTable
                0x0000000008008a24                . = ALIGN (0x4)

.ARM.extab      0x0000000008008a24        0x0
                0x0000000008008a24                . = ALIGN (0x4)
 *(.ARM.extab* .gnu.linkonce.armextab.*)
                0x0000000008008a24                . = ALIGN (0x4)

.ARM            0x0000000008008a24        0x8
                0x0000000008008a24                . = ALIGN (0x4)
                0x0000000008008a24                __exidx_start = .
 *(.ARM.exidx*)
 .ARM.exidx     0x0000000008008a24        0x8 c:/st/stm32cubeide_1.9.0/stm32cubeide/plugins/com.st.stm32cube.ide.mcu.externaltools.gnu-tools-for-stm32.10.3-2021.10.win32_1.0.0.202111181127/tools/bin/../lib/gcc/arm-none-eabi/10.3.1/thumb/v7e-m+fp/hard\libgcc.a(_udivmoddi4.o)
                0x0000000008008a2c                __exidx_end = .
                0x0000000008008a2c                . = ALIGN (0x4)

.rel.dyn        0x0000000008008a2c        0x0
 .rel.iplt      0x0000000008008a2c        0x0 c:/st/stm32cubeide_1.9.0/stm32cubeide/plugins/com.st.stm32cube.ide.mcu.externaltools.gnu-tools-for-stm32.10.3-2021.10.win32_1.0.0.202111181127/tools/bin/../lib/gcc/arm-none-eabi/10.3.1/thumb/v7e-m+fp/hard/crtbegin.o

.preinit_array  0x0000000008008a2c        0x0
                0x0000000008008a2c                . = ALIGN (0x4)
                0x0000000008008a2c                PROVIDE (__preinit_array_start = .)
 *(.preinit_array*)
                0x0000000008008a2c                PROVIDE (__preinit_array_end = .)
                0x0000000008008a2c                . = ALIGN (0x4)

.init_array     0x0000000008008a2c        0x4
                0x0000000008008a2c                . = ALIGN (0x4)
                0x0000000008008a2c                PROVIDE (__init_array_start = .)
 *(SORT_BY_NAME(.init_array.*))
 *(.init_array*)
 .init_array    0x0000000008008a2c        0x4 c:/st/stm32cubeide_1.9.0/stm32cubeide/plugins/com.st.stm32cube.ide.mcu.externaltools.gnu-tools-for-stm32.10.3-2021.10.win32_1.0.0.202111181127/tools/bin/../lib/gcc/arm-none-eabi/10.3.1/thumb/v7e-m+fp/hard/crtbegin.o
                0x0000000008008a30                PROVIDE (__init_array_end = .)
                0x0000000008008a30                . = ALIGN (0x4)

.fini_array     0x0000000008008a30        0x4
                0x0000000008008a30                . = ALIGN (0x4)
                [!provide]                        PROVIDE (__fini_array_start = .)
 *(SORT_BY_NAME(.fini_array.*))
 *(.fini_array*)
 .fini_array    0x0000000008008a30        0x4 c:/st/stm32cubeide_1.9.0/stm32cubeide/plugins/com.st.stm32cube.ide.mcu.externaltools.gnu-tools-for-stm32.10.3-2021.10.win32_1.0.0.202111181127/tools/bin/../lib/gcc/arm-none-eabi/10.3.1/thumb/v7e-m+fp/hard/crtbegin.o
                [!provide]                        PROVIDE (__fini_array_end = .)
                0x0000000008008a34                . = ALIGN (0x4)
                0x0000000008008a34                _sidata = LOADADDR (.data)

.data           0x0000000020000000       0xfc load address 0x0000000008008a34
                0x0000000020000000                . = ALIGN (0x4)
                0x0000000020000000                _sdata = .
 *(.data)
 *(.data*)
 .data.SystemCoreClock
                0x0000000020000000        0x4 ./Core/Src/system_stm32f4xx.o
                0x0000000020000000                SystemCoreClock
 .data.uwTickPrio
                0x0000000020000004        0x4 ./Drivers/STM32F4xx_HAL_Driver/Src/stm32f4xx_hal.o
                0x0000000020000004                uwTickPrio
 .data.uwTickFreq
                0x0000000020000008        0x1 ./Drivers/STM32F4xx_HAL_Driver/Src/stm32f4xx_hal.o
                0x0000000020000008                uwTickFreq
 *fill*         0x0000000020000009        0x3 
 .data.USBD_CDC_DeviceQualifierDesc
                0x000000002000000c        0xa ./Middlewares/ST/STM32_USB_Device_Library/Class/CDC/Src/usbd_cdc.o
 *fill*         0x0000000020000016        0x2 
 .data.USBD_CDC
                0x0000000020000018       0x38 ./Middlewares/ST/STM32_USB_Device_Library/Class/CDC/Src/usbd_cdc.o
                0x0000000020000018                USBD_CDC
 .data.USBD_CDC_CfgDesc
                0x0000000020000050       0x43 ./Middlewares/ST/STM32_USB_Device_Library/Class/CDC/Src/usbd_cdc.o
 .data.CDCInEpAdd
                0x0000000020000093        0x1 ./Middlewares/ST/STM32_USB_Device_Library/Class/CDC/Src/usbd_cdc.o
 .data.CDCOutEpAdd
                0x0000000020000094        0x1 ./Middlewares/ST/STM32_USB_Device_Library/Class/CDC/Src/usbd_cdc.o
 .data.CDCCmdEpAdd
                0x0000000020000095        0x1 ./Middlewares/ST/STM32_USB_Device_Library/Class/CDC/Src/usbd_cdc.o
 *fill*         0x0000000020000096        0x2 
 .data.USBD_Interface_fops_FS
                0x0000000020000098       0x14 ./USB_DEVICE/App/usbd_cdc_if.o
                0x0000000020000098                USBD_Interface_fops_FS
 .data.FS_Desc  0x00000000200000ac       0x1c ./USB_DEVICE/App/usbd_desc.o
                0x00000000200000ac                FS_Desc
 .data.USBD_FS_DeviceDesc
                0x00000000200000c8       0x12 ./USB_DEVICE/App/usbd_desc.o
                0x00000000200000c8                USBD_FS_DeviceDesc
 *fill*         0x00000000200000da        0x2 
 .data.USBD_LangIDDesc
                0x00000000200000dc        0x4 ./USB_DEVICE/App/usbd_desc.o
                0x00000000200000dc                USBD_LangIDDesc
 .data.USBD_StringSerial
                0x00000000200000e0       0x1a ./USB_DEVICE/App/usbd_desc.o
                0x00000000200000e0                USBD_StringSerial
 *(.RamFunc)
 *(.RamFunc*)
                0x00000000200000fc                . = ALIGN (0x4)
 *fill*         0x00000000200000fa        0x2 
                0x00000000200000fc                _edata = .

.igot.plt       0x00000000200000fc        0x0 load address 0x0000000008008b30
 .igot.plt      0x00000000200000fc        0x0 c:/st/stm32cubeide_1.9.0/stm32cubeide/plugins/com.st.stm32cube.ide.mcu.externaltools.gnu-tools-for-stm32.10.3-2021.10.win32_1.0.0.202111181127/tools/bin/../lib/gcc/arm-none-eabi/10.3.1/thumb/v7e-m+fp/hard/crtbegin.o
                0x00000000200000fc                . = ALIGN (0x4)

.bss            0x00000000200000fc     0x1db0 load address 0x0000000008008b30
                0x00000000200000fc                _sbss = .
                0x00000000200000fc                __bss_start__ = _sbss
 *(.bss)
 .bss           0x00000000200000fc       0x1c c:/st/stm32cubeide_1.9.0/stm32cubeide/plugins/com.st.stm32cube.ide.mcu.externaltools.gnu-tools-for-stm32.10.3-2021.10.win32_1.0.0.202111181127/tools/bin/../lib/gcc/arm-none-eabi/10.3.1/thumb/v7e-m+fp/hard/crtbegin.o
 *(.bss*)
 .bss.hi2c1     0x0000000020000118       0x54 ./Core/Src/main.o
                0x0000000020000118                hi2c1
 .bss.hi2s2     0x000000002000016c       0x48 ./Core/Src/main.o
                0x000000002000016c                hi2s2
 .bss.hi2s3     0x00000000200001b4       0x48 ./Core/Src/main.o
                0x00000000200001b4                hi2s3
 .bss.hspi1     0x00000000200001fc       0x58 ./Core/Src/main.o
                0x00000000200001fc                hspi1
 .bss.htim2     0x0000000020000254       0x48 ./Core/Src/main.o
                0x0000000020000254                htim2
 .bss.uwTick    0x000000002000029c        0x4 ./Drivers/STM32F4xx_HAL_Driver/Src/stm32f4xx_hal.o
                0x000000002000029c                uwTick
 .bss.cfgidx.0  0x00000000200002a0        0x1 ./Middlewares/ST/STM32_USB_Device_Library/Core/Src/usbd_ctlreq.o
 *fill*         0x00000000200002a1        0x3 
 .bss.hUsbDeviceFS
                0x00000000200002a4      0x2dc ./USB_DEVICE/App/usb_device.o
                0x00000000200002a4                hUsbDeviceFS
 .bss.UserRxBufferFS
                0x0000000020000580      0x800 ./USB_DEVICE/App/usbd_cdc_if.o
                0x0000000020000580                UserRxBufferFS
 .bss.UserTxBufferFS
                0x0000000020000d80      0x800 ./USB_DEVICE/App/usbd_cdc_if.o
                0x0000000020000d80                UserTxBufferFS
 .bss.USBD_StrDesc
                0x0000000020001580      0x200 ./USB_DEVICE/App/usbd_desc.o
                0x0000000020001580                USBD_StrDesc
 .bss.hpcd_USB_OTG_FS
                0x0000000020001780      0x50c ./USB_DEVICE/Target/usbd_conf.o
                0x0000000020001780                hpcd_USB_OTG_FS
 .bss.mem.0     0x0000000020001c8c      0x220 ./USB_DEVICE/Target/usbd_conf.o
 *(COMMON)
                0x0000000020001eac                . = ALIGN (0x4)
                0x0000000020001eac                _ebss = .
                0x0000000020001eac                __bss_end__ = _ebss

._user_heap_stack
                0x0000000020001eac      0x604 load address 0x0000000008008b30
                0x0000000020001eb0                . = ALIGN (0x8)
 *fill*         0x0000000020001eac        0x4 
                [!provide]                        PROVIDE (end = .)
                0x0000000020001eb0                PROVIDE (_end = .)
                0x00000000200020b0                . = (. + _Min_Heap_Size)
 *fill*         0x0000000020001eb0      0x200 
                0x00000000200024b0                . = (. + _Min_Stack_Size)
 *fill*         0x00000000200020b0      0x400 
                0x00000000200024b0                . = ALIGN (0x8)

/DISCARD/
 libc.a(*)
 libm.a(*)
 libgcc.a(*)

.ARM.attributes
                0x0000000000000000       0x30
 *(.ARM.attributes)
 .ARM.attributes
                0x0000000000000000       0x1e c:/st/stm32cubeide_1.9.0/stm32cubeide/plugins/com.st.stm32cube.ide.mcu.externaltools.gnu-tools-for-stm32.10.3-2021.10.win32_1.0.0.202111181127/tools/bin/../lib/gcc/arm-none-eabi/10.3.1/thumb/v7e-m+fp/hard/crti.o
 .ARM.attributes
                0x000000000000001e       0x34 c:/st/stm32cubeide_1.9.0/stm32cubeide/plugins/com.st.stm32cube.ide.mcu.externaltools.gnu-tools-for-stm32.10.3-2021.10.win32_1.0.0.202111181127/tools/bin/../lib/gcc/arm-none-eabi/10.3.1/thumb/v7e-m+fp/hard/crtbegin.o
 .ARM.attributes
                0x0000000000000052       0x34 ./Core/Src/main.o
 .ARM.attributes
                0x0000000000000086       0x34 ./Core/Src/stm32f4xx_hal_msp.o
 .ARM.attributes
                0x00000000000000ba       0x34 ./Core/Src/stm32f4xx_it.o
 .ARM.attributes
                0x00000000000000ee       0x34 ./Core/Src/system_stm32f4xx.o
 .ARM.attributes
                0x0000000000000122       0x21 ./Core/Startup/startup_stm32f411vetx.o
 .ARM.attributes
                0x0000000000000143       0x34 ./Drivers/STM32F4xx_HAL_Driver/Src/stm32f4xx_hal.o
 .ARM.attributes
                0x0000000000000177       0x34 ./Drivers/STM32F4xx_HAL_Driver/Src/stm32f4xx_hal_cortex.o
 .ARM.attributes
                0x00000000000001ab       0x34 ./Drivers/STM32F4xx_HAL_Driver/Src/stm32f4xx_hal_gpio.o
 .ARM.attributes
                0x00000000000001df       0x34 ./Drivers/STM32F4xx_HAL_Driver/Src/stm32f4xx_hal_i2c.o
 .ARM.attributes
                0x0000000000000213       0x34 ./Drivers/STM32F4xx_HAL_Driver/Src/stm32f4xx_hal_i2s.o
 .ARM.attributes
                0x0000000000000247       0x34 ./Drivers/STM32F4xx_HAL_Driver/Src/stm32f4xx_hal_i2s_ex.o
 .ARM.attributes
                0x000000000000027b       0x34 ./Drivers/STM32F4xx_HAL_Driver/Src/stm32f4xx_hal_pcd.o
 .ARM.attributes
                0x00000000000002af       0x34 ./Drivers/STM32F4xx_HAL_Driver/Src/stm32f4xx_hal_pcd_ex.o
 .ARM.attributes
                0x00000000000002e3       0x34 ./Drivers/STM32F4xx_HAL_Driver/Src/stm32f4xx_hal_rcc.o
 .ARM.attributes
                0x0000000000000317       0x34 ./Drivers/STM32F4xx_HAL_Driver/Src/stm32f4xx_hal_rcc_ex.o
 .ARM.attributes
                0x000000000000034b       0x34 ./Drivers/STM32F4xx_HAL_Driver/Src/stm32f4xx_hal_spi.o
 .ARM.attributes
                0x000000000000037f       0x34 ./Drivers/STM32F4xx_HAL_Driver/Src/stm32f4xx_hal_tim.o
 .ARM.attributes
                0x00000000000003b3       0x34 ./Drivers/STM32F4xx_HAL_Driver/Src/stm32f4xx_hal_tim_ex.o
 .ARM.attributes
                0x00000000000003e7       0x34 ./Drivers/STM32F4xx_HAL_Driver/Src/stm32f4xx_ll_usb.o
 .ARM.attributes
                0x000000000000041b       0x34 ./Middlewares/ST/STM32_USB_Device_Library/Class/CDC/Src/usbd_cdc.o
 .ARM.attributes
                0x000000000000044f       0x34 ./Middlewares/ST/STM32_USB_Device_Library/Core/Src/usbd_core.o
 .ARM.attributes
                0x0000000000000483       0x34 ./Middlewares/ST/STM32_USB_Device_Library/Core/Src/usbd_ctlreq.o
 .ARM.attributes
                0x00000000000004b7       0x34 ./Middlewares/ST/STM32_USB_Device_Library/Core/Src/usbd_ioreq.o
 .ARM.attributes
                0x00000000000004eb       0x34 ./USB_DEVICE/App/usb_device.o
 .ARM.attributes
                0x000000000000051f       0x34 ./USB_DEVICE/App/usbd_cdc_if.o
 .ARM.attributes
                0x0000000000000553       0x34 ./USB_DEVICE/App/usbd_desc.o
 .ARM.attributes
                0x0000000000000587       0x34 ./USB_DEVICE/Target/usbd_conf.o
 .ARM.attributes
                0x00000000000005bb       0x34 c:/st/stm32cubeide_1.9.0/stm32cubeide/plugins/com.st.stm32cube.ide.mcu.externaltools.gnu-tools-for-stm32.10.3-2021.10.win32_1.0.0.202111181127/tools/bin/../lib/gcc/arm-none-eabi/10.3.1/../../../../arm-none-eabi/lib/thumb/v7e-m+fp/hard\libc_nano.a(lib_a-init.o)
 .ARM.attributes
                0x00000000000005ef       0x34 c:/st/stm32cubeide_1.9.0/stm32cubeide/plugins/com.st.stm32cube.ide.mcu.externaltools.gnu-tools-for-stm32.10.3-2021.10.win32_1.0.0.202111181127/tools/bin/../lib/gcc/arm-none-eabi/10.3.1/../../../../arm-none-eabi/lib/thumb/v7e-m+fp/hard\libc_nano.a(lib_a-memset.o)
 .ARM.attributes
                0x0000000000000623       0x1e c:/st/stm32cubeide_1.9.0/stm32cubeide/plugins/com.st.stm32cube.ide.mcu.externaltools.gnu-tools-for-stm32.10.3-2021.10.win32_1.0.0.202111181127/tools/bin/../lib/gcc/arm-none-eabi/10.3.1/thumb/v7e-m+fp/hard\libgcc.a(_aeabi_uldivmod.o)
 .ARM.attributes
                0x0000000000000641       0x34 c:/st/stm32cubeide_1.9.0/stm32cubeide/plugins/com.st.stm32cube.ide.mcu.externaltools.gnu-tools-for-stm32.10.3-2021.10.win32_1.0.0.202111181127/tools/bin/../lib/gcc/arm-none-eabi/10.3.1/thumb/v7e-m+fp/hard\libgcc.a(_udivmoddi4.o)
 .ARM.attributes
                0x0000000000000675       0x1e c:/st/stm32cubeide_1.9.0/stm32cubeide/plugins/com.st.stm32cube.ide.mcu.externaltools.gnu-tools-for-stm32.10.3-2021.10.win32_1.0.0.202111181127/tools/bin/../lib/gcc/arm-none-eabi/10.3.1/thumb/v7e-m+fp/hard\libgcc.a(_dvmd_tls.o)
 .ARM.attributes
                0x0000000000000693       0x1e c:/st/stm32cubeide_1.9.0/stm32cubeide/plugins/com.st.stm32cube.ide.mcu.externaltools.gnu-tools-for-stm32.10.3-2021.10.win32_1.0.0.202111181127/tools/bin/../lib/gcc/arm-none-eabi/10.3.1/thumb/v7e-m+fp/hard/crtn.o
OUTPUT(usb_test.elf elf32-littlearm)
LOAD linker stubs
LOAD c:/st/stm32cubeide_1.9.0/stm32cubeide/plugins/com.st.stm32cube.ide.mcu.externaltools.gnu-tools-for-stm32.10.3-2021.10.win32_1.0.0.202111181127/tools/bin/../lib/gcc/arm-none-eabi/10.3.1/../../../../arm-none-eabi/lib/thumb/v7e-m+fp/hard\libc.a
LOAD c:/st/stm32cubeide_1.9.0/stm32cubeide/plugins/com.st.stm32cube.ide.mcu.externaltools.gnu-tools-for-stm32.10.3-2021.10.win32_1.0.0.202111181127/tools/bin/../lib/gcc/arm-none-eabi/10.3.1/../../../../arm-none-eabi/lib/thumb/v7e-m+fp/hard\libm.a
LOAD c:/st/stm32cubeide_1.9.0/stm32cubeide/plugins/com.st.stm32cube.ide.mcu.externaltools.gnu-tools-for-stm32.10.3-2021.10.win32_1.0.0.202111181127/tools/bin/../lib/gcc/arm-none-eabi/10.3.1/thumb/v7e-m+fp/hard\libgcc.a

.debug_info     0x0000000000000000    0x19d35
 .debug_info    0x0000000000000000     0x173b ./Core/Src/main.o
 .debug_info    0x000000000000173b     0x13ec ./Core/Src/stm32f4xx_hal_msp.o
 .debug_info    0x0000000000002b27      0x650 ./Core/Src/stm32f4xx_it.o
 .debug_info    0x0000000000003177      0x54f ./Core/Src/system_stm32f4xx.o
 .debug_info    0x00000000000036c6       0x22 ./Core/Startup/startup_stm32f411vetx.o
 .debug_info    0x00000000000036e8      0x90d ./Drivers/STM32F4xx_HAL_Driver/Src/stm32f4xx_hal.o
 .debug_info    0x0000000000003ff5      0xd8b ./Drivers/STM32F4xx_HAL_Driver/Src/stm32f4xx_hal_cortex.o
 .debug_info    0x0000000000004d80      0x78e ./Drivers/STM32F4xx_HAL_Driver/Src/stm32f4xx_hal_gpio.o
 .debug_info    0x000000000000550e     0x260f ./Drivers/STM32F4xx_HAL_Driver/Src/stm32f4xx_hal_i2c.o
 .debug_info    0x0000000000007b1d      0xeae ./Drivers/STM32F4xx_HAL_Driver/Src/stm32f4xx_hal_i2s.o
 .debug_info    0x00000000000089cb      0xb73 ./Drivers/STM32F4xx_HAL_Driver/Src/stm32f4xx_hal_i2s_ex.o
 .debug_info    0x000000000000953e     0x168d ./Drivers/STM32F4xx_HAL_Driver/Src/stm32f4xx_hal_pcd.o
 .debug_info    0x000000000000abcb      0x717 ./Drivers/STM32F4xx_HAL_Driver/Src/stm32f4xx_hal_pcd_ex.o
 .debug_info    0x000000000000b2e2      0x98d ./Drivers/STM32F4xx_HAL_Driver/Src/stm32f4xx_hal_rcc.o
 .debug_info    0x000000000000bc6f      0x5d9 ./Drivers/STM32F4xx_HAL_Driver/Src/stm32f4xx_hal_rcc_ex.o
 .debug_info    0x000000000000c248     0x1750 ./Drivers/STM32F4xx_HAL_Driver/Src/stm32f4xx_hal_spi.o
 .debug_info    0x000000000000d998     0x2bb6 ./Drivers/STM32F4xx_HAL_Driver/Src/stm32f4xx_hal_tim.o
 .debug_info    0x000000000001054e     0x15d8 ./Drivers/STM32F4xx_HAL_Driver/Src/stm32f4xx_hal_tim_ex.o
 .debug_info    0x0000000000011b26     0x1a97 ./Drivers/STM32F4xx_HAL_Driver/Src/stm32f4xx_ll_usb.o
 .debug_info    0x00000000000135bd     0x130c ./Middlewares/ST/STM32_USB_Device_Library/Class/CDC/Src/usbd_cdc.o
 .debug_info    0x00000000000148c9      0xee7 ./Middlewares/ST/STM32_USB_Device_Library/Core/Src/usbd_core.o
 .debug_info    0x00000000000157b0      0xb7f ./Middlewares/ST/STM32_USB_Device_Library/Core/Src/usbd_ctlreq.o
 .debug_info    0x000000000001632f      0x7da ./Middlewares/ST/STM32_USB_Device_Library/Core/Src/usbd_ioreq.o
 .debug_info    0x0000000000016b09      0x76a ./USB_DEVICE/App/usb_device.o
 .debug_info    0x0000000000017273      0x96f ./USB_DEVICE/App/usbd_cdc_if.o
 .debug_info    0x0000000000017be2      0x498 ./USB_DEVICE/App/usbd_desc.o
 .debug_info    0x000000000001807a     0x1cbb ./USB_DEVICE/Target/usbd_conf.o

.debug_abbrev   0x0000000000000000     0x3ac8
 .debug_abbrev  0x0000000000000000      0x283 ./Core/Src/main.o
 .debug_abbrev  0x0000000000000283      0x1fa ./Core/Src/stm32f4xx_hal_msp.o
 .debug_abbrev  0x000000000000047d      0x199 ./Core/Src/stm32f4xx_it.o
 .debug_abbrev  0x0000000000000616      0x116 ./Core/Src/system_stm32f4xx.o
 .debug_abbrev  0x000000000000072c       0x12 ./Core/Startup/startup_stm32f411vetx.o
 .debug_abbrev  0x000000000000073e      0x23e ./Drivers/STM32F4xx_HAL_Driver/Src/stm32f4xx_hal.o
 .debug_abbrev  0x000000000000097c      0x316 ./Drivers/STM32F4xx_HAL_Driver/Src/stm32f4xx_hal_cortex.o
 .debug_abbrev  0x0000000000000c92      0x1c4 ./Drivers/STM32F4xx_HAL_Driver/Src/stm32f4xx_hal_gpio.o
 .debug_abbrev  0x0000000000000e56      0x2a8 ./Drivers/STM32F4xx_HAL_Driver/Src/stm32f4xx_hal_i2c.o
 .debug_abbrev  0x00000000000010fe      0x258 ./Drivers/STM32F4xx_HAL_Driver/Src/stm32f4xx_hal_i2s.o
 .debug_abbrev  0x0000000000001356      0x289 ./Drivers/STM32F4xx_HAL_Driver/Src/stm32f4xx_hal_i2s_ex.o
 .debug_abbrev  0x00000000000015df      0x2bb ./Drivers/STM32F4xx_HAL_Driver/Src/stm32f4xx_hal_pcd.o
 .debug_abbrev  0x000000000000189a      0x1ce ./Drivers/STM32F4xx_HAL_Driver/Src/stm32f4xx_hal_pcd_ex.o
 .debug_abbrev  0x0000000000001a68      0x2aa ./Drivers/STM32F4xx_HAL_Driver/Src/stm32f4xx_hal_rcc.o
 .debug_abbrev  0x0000000000001d12      0x1a8 ./Drivers/STM32F4xx_HAL_Driver/Src/stm32f4xx_hal_rcc_ex.o
 .debug_abbrev  0x0000000000001eba      0x26e ./Drivers/STM32F4xx_HAL_Driver/Src/stm32f4xx_hal_spi.o
 .debug_abbrev  0x0000000000002128      0x26e ./Drivers/STM32F4xx_HAL_Driver/Src/stm32f4xx_hal_tim.o
 .debug_abbrev  0x0000000000002396      0x276 ./Drivers/STM32F4xx_HAL_Driver/Src/stm32f4xx_hal_tim_ex.o
 .debug_abbrev  0x000000000000260c      0x296 ./Drivers/STM32F4xx_HAL_Driver/Src/stm32f4xx_ll_usb.o
 .debug_abbrev  0x00000000000028a2      0x2be ./Middlewares/ST/STM32_USB_Device_Library/Class/CDC/Src/usbd_cdc.o
 .debug_abbrev  0x0000000000002b60      0x263 ./Middlewares/ST/STM32_USB_Device_Library/Core/Src/usbd_core.o
 .debug_abbrev  0x0000000000002dc3      0x25c ./Middlewares/ST/STM32_USB_Device_Library/Core/Src/usbd_ctlreq.o
 .debug_abbrev  0x000000000000301f      0x18a ./Middlewares/ST/STM32_USB_Device_Library/Core/Src/usbd_ioreq.o
 .debug_abbrev  0x00000000000031a9      0x18a ./USB_DEVICE/App/usb_device.o
 .debug_abbrev  0x0000000000003333      0x290 ./USB_DEVICE/App/usbd_cdc_if.o
 .debug_abbrev  0x00000000000035c3      0x1da ./USB_DEVICE/App/usbd_desc.o
 .debug_abbrev  0x000000000000379d      0x32b ./USB_DEVICE/Target/usbd_conf.o

.debug_aranges  0x0000000000000000     0x1730
 .debug_aranges
                0x0000000000000000       0x68 ./Core/Src/main.o
 .debug_aranges
                0x0000000000000068       0x60 ./Core/Src/stm32f4xx_hal_msp.o
 .debug_aranges
                0x00000000000000c8       0x68 ./Core/Src/stm32f4xx_it.o
 .debug_aranges
                0x0000000000000130       0x28 ./Core/Src/system_stm32f4xx.o
 .debug_aranges
                0x0000000000000158       0x28 ./Core/Startup/startup_stm32f411vetx.o
 .debug_aranges
                0x0000000000000180       0xf0 ./Drivers/STM32F4xx_HAL_Driver/Src/stm32f4xx_hal.o
 .debug_aranges
                0x0000000000000270      0x118 ./Drivers/STM32F4xx_HAL_Driver/Src/stm32f4xx_hal_cortex.o
 .debug_aranges
                0x0000000000000388       0x58 ./Drivers/STM32F4xx_HAL_Driver/Src/stm32f4xx_hal_gpio.o
 .debug_aranges
                0x00000000000003e0      0x2a0 ./Drivers/STM32F4xx_HAL_Driver/Src/stm32f4xx_hal_i2c.o
 .debug_aranges
                0x0000000000000680      0x108 ./Drivers/STM32F4xx_HAL_Driver/Src/stm32f4xx_hal_i2s.o
 .debug_aranges
                0x0000000000000788       0x88 ./Drivers/STM32F4xx_HAL_Driver/Src/stm32f4xx_hal_i2s_ex.o
 .debug_aranges
                0x0000000000000810      0x148 ./Drivers/STM32F4xx_HAL_Driver/Src/stm32f4xx_hal_pcd.o
 .debug_aranges
                0x0000000000000958       0x38 ./Drivers/STM32F4xx_HAL_Driver/Src/stm32f4xx_hal_pcd_ex.o
 .debug_aranges
                0x0000000000000990       0x88 ./Drivers/STM32F4xx_HAL_Driver/Src/stm32f4xx_hal_rcc.o
 .debug_aranges
                0x0000000000000a18       0x50 ./Drivers/STM32F4xx_HAL_Driver/Src/stm32f4xx_hal_rcc_ex.o
 .debug_aranges
                0x0000000000000a68      0x1d0 ./Drivers/STM32F4xx_HAL_Driver/Src/stm32f4xx_hal_spi.o
 .debug_aranges
                0x0000000000000c38      0x3d0 ./Drivers/STM32F4xx_HAL_Driver/Src/stm32f4xx_hal_tim.o
 .debug_aranges
                0x0000000000001008      0x168 ./Drivers/STM32F4xx_HAL_Driver/Src/stm32f4xx_hal_tim_ex.o
 .debug_aranges
                0x0000000000001170      0x1a0 ./Drivers/STM32F4xx_HAL_Driver/Src/stm32f4xx_ll_usb.o
 .debug_aranges
                0x0000000000001310       0x90 ./Middlewares/ST/STM32_USB_Device_Library/Class/CDC/Src/usbd_cdc.o
 .debug_aranges
                0x00000000000013a0       0xd8 ./Middlewares/ST/STM32_USB_Device_Library/Core/Src/usbd_core.o
 .debug_aranges
                0x0000000000001478       0x90 ./Middlewares/ST/STM32_USB_Device_Library/Core/Src/usbd_ctlreq.o
 .debug_aranges
                0x0000000000001508       0x50 ./Middlewares/ST/STM32_USB_Device_Library/Core/Src/usbd_ioreq.o
 .debug_aranges
                0x0000000000001558       0x20 ./USB_DEVICE/App/usb_device.o
 .debug_aranges
                0x0000000000001578       0x48 ./USB_DEVICE/App/usbd_cdc_if.o
 .debug_aranges
                0x00000000000015c0       0x60 ./USB_DEVICE/App/usbd_desc.o
 .debug_aranges
                0x0000000000001620      0x110 ./USB_DEVICE/Target/usbd_conf.o

.debug_ranges   0x0000000000000000     0x15a0
 .debug_ranges  0x0000000000000000       0x58 ./Core/Src/main.o
 .debug_ranges  0x0000000000000058       0x50 ./Core/Src/stm32f4xx_hal_msp.o
 .debug_ranges  0x00000000000000a8       0x58 ./Core/Src/stm32f4xx_it.o
 .debug_ranges  0x0000000000000100       0x18 ./Core/Src/system_stm32f4xx.o
 .debug_ranges  0x0000000000000118       0x20 ./Core/Startup/startup_stm32f411vetx.o
 .debug_ranges  0x0000000000000138       0xe0 ./Drivers/STM32F4xx_HAL_Driver/Src/stm32f4xx_hal.o
 .debug_ranges  0x0000000000000218      0x108 ./Drivers/STM32F4xx_HAL_Driver/Src/stm32f4xx_hal_cortex.o
 .debug_ranges  0x0000000000000320       0x48 ./Drivers/STM32F4xx_HAL_Driver/Src/stm32f4xx_hal_gpio.o
 .debug_ranges  0x0000000000000368      0x2a8 ./Drivers/STM32F4xx_HAL_Driver/Src/stm32f4xx_hal_i2c.o
 .debug_ranges  0x0000000000000610       0xf8 ./Drivers/STM32F4xx_HAL_Driver/Src/stm32f4xx_hal_i2s.o
 .debug_ranges  0x0000000000000708       0x78 ./Drivers/STM32F4xx_HAL_Driver/Src/stm32f4xx_hal_i2s_ex.o
 .debug_ranges  0x0000000000000780      0x138 ./Drivers/STM32F4xx_HAL_Driver/Src/stm32f4xx_hal_pcd.o
 .debug_ranges  0x00000000000008b8       0x28 ./Drivers/STM32F4xx_HAL_Driver/Src/stm32f4xx_hal_pcd_ex.o
 .debug_ranges  0x00000000000008e0       0x78 ./Drivers/STM32F4xx_HAL_Driver/Src/stm32f4xx_hal_rcc.o
 .debug_ranges  0x0000000000000958       0x40 ./Drivers/STM32F4xx_HAL_Driver/Src/stm32f4xx_hal_rcc_ex.o
 .debug_ranges  0x0000000000000998      0x1c0 ./Drivers/STM32F4xx_HAL_Driver/Src/stm32f4xx_hal_spi.o
 .debug_ranges  0x0000000000000b58      0x3c0 ./Drivers/STM32F4xx_HAL_Driver/Src/stm32f4xx_hal_tim.o
 .debug_ranges  0x0000000000000f18      0x158 ./Drivers/STM32F4xx_HAL_Driver/Src/stm32f4xx_hal_tim_ex.o
 .debug_ranges  0x0000000000001070      0x190 ./Drivers/STM32F4xx_HAL_Driver/Src/stm32f4xx_ll_usb.o
 .debug_ranges  0x0000000000001200       0x80 ./Middlewares/ST/STM32_USB_Device_Library/Class/CDC/Src/usbd_cdc.o
 .debug_ranges  0x0000000000001280       0xc8 ./Middlewares/ST/STM32_USB_Device_Library/Core/Src/usbd_core.o
 .debug_ranges  0x0000000000001348       0x80 ./Middlewares/ST/STM32_USB_Device_Library/Core/Src/usbd_ctlreq.o
 .debug_ranges  0x00000000000013c8       0x40 ./Middlewares/ST/STM32_USB_Device_Library/Core/Src/usbd_ioreq.o
 .debug_ranges  0x0000000000001408       0x10 ./USB_DEVICE/App/usb_device.o
 .debug_ranges  0x0000000000001418       0x38 ./USB_DEVICE/App/usbd_cdc_if.o
 .debug_ranges  0x0000000000001450       0x50 ./USB_DEVICE/App/usbd_desc.o
 .debug_ranges  0x00000000000014a0      0x100 ./USB_DEVICE/Target/usbd_conf.o

.debug_macro    0x0000000000000000    0x1a945
 .debug_macro   0x0000000000000000      0x41e ./Core/Src/main.o
 .debug_macro   0x000000000000041e      0xa78 ./Core/Src/main.o
 .debug_macro   0x0000000000000e96      0x2ad ./Core/Src/main.o
 .debug_macro   0x0000000000001143       0x2e ./Core/Src/main.o
 .debug_macro   0x0000000000001171       0x28 ./Core/Src/main.o
 .debug_macro   0x0000000000001199       0x22 ./Core/Src/main.o
 .debug_macro   0x00000000000011bb       0x8e ./Core/Src/main.o
 .debug_macro   0x0000000000001249       0x51 ./Core/Src/main.o
 .debug_macro   0x000000000000129a      0x103 ./Core/Src/main.o
 .debug_macro   0x000000000000139d       0x6a ./Core/Src/main.o
 .debug_macro   0x0000000000001407      0x1df ./Core/Src/main.o
 .debug_macro   0x00000000000015e6       0x1c ./Core/Src/main.o
 .debug_macro   0x0000000000001602       0x22 ./Core/Src/main.o
 .debug_macro   0x0000000000001624       0xd9 ./Core/Src/main.o
 .debug_macro   0x00000000000016fd     0x102d ./Core/Src/main.o
 .debug_macro   0x000000000000272a      0x11f ./Core/Src/main.o
 .debug_macro   0x0000000000002849     0xb953 ./Core/Src/main.o
 .debug_macro   0x000000000000e19c       0x6d ./Core/Src/main.o
 .debug_macro   0x000000000000e209     0x367e ./Core/Src/main.o
 .debug_macro   0x0000000000011887      0x174 ./Core/Src/main.o
 .debug_macro   0x00000000000119fb       0x5c ./Core/Src/main.o
 .debug_macro   0x0000000000011a57      0x447 ./Core/Src/main.o
 .debug_macro   0x0000000000011e9e      0x9fe ./Core/Src/main.o
 .debug_macro   0x000000000001289c      0x115 ./Core/Src/main.o
 .debug_macro   0x00000000000129b1      0x11b ./Core/Src/main.o
 .debug_macro   0x0000000000012acc       0xa5 ./Core/Src/main.o
 .debug_macro   0x0000000000012b71      0x15f ./Core/Src/main.o
 .debug_macro   0x0000000000012cd0      0x287 ./Core/Src/main.o
 .debug_macro   0x0000000000012f57       0x5f ./Core/Src/main.o
 .debug_macro   0x0000000000012fb6      0x236 ./Core/Src/main.o
 .debug_macro   0x00000000000131ec      0x132 ./Core/Src/main.o
 .debug_macro   0x000000000001331e      0x264 ./Core/Src/main.o
 .debug_macro   0x0000000000013582       0x2e ./Core/Src/main.o
 .debug_macro   0x00000000000135b0      0x1b5 ./Core/Src/main.o
 .debug_macro   0x0000000000013765       0x22 ./Core/Src/main.o
 .debug_macro   0x0000000000013787       0xd6 ./Core/Src/main.o
 .debug_macro   0x000000000001385d      0x1a7 ./Core/Src/main.o
 .debug_macro   0x0000000000013a04       0x46 ./Core/Src/main.o
 .debug_macro   0x0000000000013a4a       0x4a ./Core/Src/main.o
 .debug_macro   0x0000000000013a94      0x11a ./Core/Src/main.o
 .debug_macro   0x0000000000013bae       0x85 ./Core/Src/main.o
 .debug_macro   0x0000000000013c33       0x89 ./Core/Src/main.o
 .debug_macro   0x0000000000013cbc      0x225 ./Core/Src/main.o
 .debug_macro   0x0000000000013ee1      0x8e6 ./Core/Src/main.o
 .debug_macro   0x00000000000147c7       0x47 ./Core/Src/main.o
 .debug_macro   0x000000000001480e      0x248 ./Core/Src/main.o
 .debug_macro   0x0000000000014a56       0xba ./Core/Src/main.o
 .debug_macro   0x0000000000014b10      0x126 ./Core/Src/main.o
 .debug_macro   0x0000000000014c36      0x13c ./Core/Src/main.o
 .debug_macro   0x0000000000014d72       0x52 ./Core/Src/main.o
 .debug_macro   0x0000000000014dc4       0x1e ./Core/Src/main.o
 .debug_macro   0x0000000000014de2       0x3c ./Core/Src/main.o
 .debug_macro   0x0000000000014e1e       0x34 ./Core/Src/main.o
 .debug_macro   0x0000000000014e52       0x16 ./Core/Src/main.o
 .debug_macro   0x0000000000014e68       0x35 ./Core/Src/main.o
 .debug_macro   0x0000000000014e9d      0x341 ./Core/Src/main.o
 .debug_macro   0x00000000000151de       0x10 ./Core/Src/main.o
 .debug_macro   0x00000000000151ee       0x16 ./Core/Src/main.o
 .debug_macro   0x0000000000015204       0x43 ./Core/Src/main.o
 .debug_macro   0x0000000000015247       0x34 ./Core/Src/main.o
 .debug_macro   0x000000000001527b       0x10 ./Core/Src/main.o
 .debug_macro   0x000000000001528b       0x58 ./Core/Src/main.o
 .debug_macro   0x00000000000152e3       0x71 ./Core/Src/main.o
 .debug_macro   0x0000000000015354       0x1c ./Core/Src/main.o
 .debug_macro   0x0000000000015370      0x12a ./Core/Src/main.o
 .debug_macro   0x000000000001549a       0x10 ./Core/Src/main.o
 .debug_macro   0x00000000000154aa       0x1c ./Core/Src/main.o
 .debug_macro   0x00000000000154c6       0x52 ./Core/Src/main.o
 .debug_macro   0x0000000000015518       0x22 ./Core/Src/main.o
 .debug_macro   0x000000000001553a       0x10 ./Core/Src/main.o
 .debug_macro   0x000000000001554a       0x52 ./Core/Src/main.o
 .debug_macro   0x000000000001559c       0xd5 ./Core/Src/main.o
 .debug_macro   0x0000000000015671       0x1c ./Core/Src/main.o
 .debug_macro   0x000000000001568d       0x3d ./Core/Src/main.o
 .debug_macro   0x00000000000156ca       0x16 ./Core/Src/main.o
 .debug_macro   0x00000000000156e0      0x145 ./Core/Src/main.o
 .debug_macro   0x0000000000015825       0x16 ./Core/Src/main.o
 .debug_macro   0x000000000001583b       0x16 ./Core/Src/main.o
 .debug_macro   0x0000000000015851       0x29 ./Core/Src/main.o
 .debug_macro   0x000000000001587a       0x16 ./Core/Src/main.o
 .debug_macro   0x0000000000015890       0x20 ./Core/Src/main.o
 .debug_macro   0x00000000000158b0       0x65 ./Core/Src/main.o
 .debug_macro   0x0000000000015915      0x20f ./Core/Src/main.o
 .debug_macro   0x0000000000015b24      0x233 ./Core/Src/stm32f4xx_hal_msp.o
 .debug_macro   0x0000000000015d57      0x23d ./Core/Src/stm32f4xx_it.o
 .debug_macro   0x0000000000015f94      0x224 ./Core/Src/system_stm32f4xx.o
 .debug_macro   0x00000000000161b8      0x284 ./Drivers/STM32F4xx_HAL_Driver/Src/stm32f4xx_hal.o
 .debug_macro   0x000000000001643c      0x224 ./Drivers/STM32F4xx_HAL_Driver/Src/stm32f4xx_hal_cortex.o
 .debug_macro   0x0000000000016660      0x22a ./Drivers/STM32F4xx_HAL_Driver/Src/stm32f4xx_hal_gpio.o
 .debug_macro   0x000000000001688a      0x26b ./Drivers/STM32F4xx_HAL_Driver/Src/stm32f4xx_hal_i2c.o
 .debug_macro   0x0000000000016af5      0x22c ./Drivers/STM32F4xx_HAL_Driver/Src/stm32f4xx_hal_i2s.o
 .debug_macro   0x0000000000016d21      0x224 ./Drivers/STM32F4xx_HAL_Driver/Src/stm32f4xx_hal_i2s_ex.o
 .debug_macro   0x0000000000016f45      0x230 ./Drivers/STM32F4xx_HAL_Driver/Src/stm32f4xx_hal_pcd.o
 .debug_macro   0x0000000000017175      0x224 ./Drivers/STM32F4xx_HAL_Driver/Src/stm32f4xx_hal_pcd_ex.o
 .debug_macro   0x0000000000017399      0x248 ./Drivers/STM32F4xx_HAL_Driver/Src/stm32f4xx_hal_rcc.o
 .debug_macro   0x00000000000175e1      0x224 ./Drivers/STM32F4xx_HAL_Driver/Src/stm32f4xx_hal_rcc_ex.o
 .debug_macro   0x0000000000017805      0x233 ./Drivers/STM32F4xx_HAL_Driver/Src/stm32f4xx_hal_spi.o
 .debug_macro   0x0000000000017a38      0x225 ./Drivers/STM32F4xx_HAL_Driver/Src/stm32f4xx_hal_tim.o
 .debug_macro   0x0000000000017c5d      0x224 ./Drivers/STM32F4xx_HAL_Driver/Src/stm32f4xx_hal_tim_ex.o
 .debug_macro   0x0000000000017e81      0x224 ./Drivers/STM32F4xx_HAL_Driver/Src/stm32f4xx_ll_usb.o
 .debug_macro   0x00000000000180a5      0x449 ./Middlewares/ST/STM32_USB_Device_Library/Class/CDC/Src/usbd_cdc.o
 .debug_macro   0x00000000000184ee       0x97 ./Middlewares/ST/STM32_USB_Device_Library/Class/CDC/Src/usbd_cdc.o
 .debug_macro   0x0000000000018585       0xfd ./Middlewares/ST/STM32_USB_Device_Library/Class/CDC/Src/usbd_cdc.o
 .debug_macro   0x0000000000018682       0x56 ./Middlewares/ST/STM32_USB_Device_Library/Class/CDC/Src/usbd_cdc.o
 .debug_macro   0x00000000000186d8       0x95 ./Middlewares/ST/STM32_USB_Device_Library/Class/CDC/Src/usbd_cdc.o
 .debug_macro   0x000000000001876d      0x430 ./Middlewares/ST/STM32_USB_Device_Library/Core/Src/usbd_core.o
 .debug_macro   0x0000000000018b9d      0x215 ./Middlewares/ST/STM32_USB_Device_Library/Core/Src/usbd_core.o
 .debug_macro   0x0000000000018db2      0x43a ./Middlewares/ST/STM32_USB_Device_Library/Core/Src/usbd_ctlreq.o
 .debug_macro   0x00000000000191ec      0x436 ./Middlewares/ST/STM32_USB_Device_Library/Core/Src/usbd_ioreq.o
 .debug_macro   0x0000000000019622      0x469 ./USB_DEVICE/App/usb_device.o
 .debug_macro   0x0000000000019a8b      0x142 ./USB_DEVICE/App/usb_device.o
 .debug_macro   0x0000000000019bcd       0x22 ./USB_DEVICE/App/usb_device.o
 .debug_macro   0x0000000000019bef       0x16 ./USB_DEVICE/App/usb_device.o
 .debug_macro   0x0000000000019c05      0x454 ./USB_DEVICE/App/usbd_cdc_if.o
 .debug_macro   0x000000000001a059       0x10 ./USB_DEVICE/App/usbd_cdc_if.o
 .debug_macro   0x000000000001a069      0x473 ./USB_DEVICE/App/usbd_desc.o
 .debug_macro   0x000000000001a4dc       0x1c ./USB_DEVICE/App/usbd_desc.o
 .debug_macro   0x000000000001a4f8      0x44d ./USB_DEVICE/Target/usbd_conf.o

.debug_line     0x0000000000000000    0x1d3f7
 .debug_line    0x0000000000000000      0xc7a ./Core/Src/main.o
 .debug_line    0x0000000000000c7a      0x8f9 ./Core/Src/stm32f4xx_hal_msp.o
 .debug_line    0x0000000000001573      0x83a ./Core/Src/stm32f4xx_it.o
 .debug_line    0x0000000000001dad      0x7e1 ./Core/Src/system_stm32f4xx.o
 .debug_line    0x000000000000258e       0x88 ./Core/Startup/startup_stm32f411vetx.o
 .debug_line    0x0000000000002616      0xa47 ./Drivers/STM32F4xx_HAL_Driver/Src/stm32f4xx_hal.o
 .debug_line    0x000000000000305d      0xcf6 ./Drivers/STM32F4xx_HAL_Driver/Src/stm32f4xx_hal_cortex.o
 .debug_line    0x0000000000003d53      0xb7f ./Drivers/STM32F4xx_HAL_Driver/Src/stm32f4xx_hal_gpio.o
 .debug_line    0x00000000000048d2     0x39fc ./Drivers/STM32F4xx_HAL_Driver/Src/stm32f4xx_hal_i2c.o
 .debug_line    0x00000000000082ce     0x13e0 ./Drivers/STM32F4xx_HAL_Driver/Src/stm32f4xx_hal_i2s.o
 .debug_line    0x00000000000096ae     0x14df ./Drivers/STM32F4xx_HAL_Driver/Src/stm32f4xx_hal_i2s_ex.o
 .debug_line    0x000000000000ab8d     0x14ea ./Drivers/STM32F4xx_HAL_Driver/Src/stm32f4xx_hal_pcd.o
 .debug_line    0x000000000000c077      0x82a ./Drivers/STM32F4xx_HAL_Driver/Src/stm32f4xx_hal_pcd_ex.o
 .debug_line    0x000000000000c8a1      0xdc3 ./Drivers/STM32F4xx_HAL_Driver/Src/stm32f4xx_hal_rcc.o
 .debug_line    0x000000000000d664      0xaa1 ./Drivers/STM32F4xx_HAL_Driver/Src/stm32f4xx_hal_rcc_ex.o
 .debug_line    0x000000000000e105     0x1cd1 ./Drivers/STM32F4xx_HAL_Driver/Src/stm32f4xx_hal_spi.o
 .debug_line    0x000000000000fdd6     0x3515 ./Drivers/STM32F4xx_HAL_Driver/Src/stm32f4xx_hal_tim.o
 .debug_line    0x00000000000132eb     0x19df ./Drivers/STM32F4xx_HAL_Driver/Src/stm32f4xx_hal_tim_ex.o
 .debug_line    0x0000000000014cca     0x1b04 ./Drivers/STM32F4xx_HAL_Driver/Src/stm32f4xx_ll_usb.o
 .debug_line    0x00000000000167ce      0xf71 ./Middlewares/ST/STM32_USB_Device_Library/Class/CDC/Src/usbd_cdc.o
 .debug_line    0x000000000001773f      0xfeb ./Middlewares/ST/STM32_USB_Device_Library/Core/Src/usbd_core.o
 .debug_line    0x000000000001872a     0x11bc ./Middlewares/ST/STM32_USB_Device_Library/Core/Src/usbd_ctlreq.o
 .debug_line    0x00000000000198e6      0xb03 ./Middlewares/ST/STM32_USB_Device_Library/Core/Src/usbd_ioreq.o
 .debug_line    0x000000000001a3e9      0xabf ./USB_DEVICE/App/usb_device.o
 .debug_line    0x000000000001aea8      0xb22 ./USB_DEVICE/App/usbd_cdc_if.o
 .debug_line    0x000000000001b9ca      0xb88 ./USB_DEVICE/App/usbd_desc.o
 .debug_line    0x000000000001c552      0xea5 ./USB_DEVICE/Target/usbd_conf.o

.debug_str      0x0000000000000000    0x95d82
 .debug_str     0x0000000000000000    0x8fdee ./Core/Src/main.o
                                      0x90213 (size before relaxing)
 .debug_str     0x000000000008fdee      0x104 ./Core/Src/stm32f4xx_hal_msp.o
                                      0x8b5c2 (size before relaxing)
 .debug_str     0x000000000008fef2      0x443 ./Core/Src/stm32f4xx_it.o
                                      0x8ad19 (size before relaxing)
 .debug_str     0x0000000000090335       0xdb ./Core/Src/system_stm32f4xx.o
                                      0x8a54b (size before relaxing)
 .debug_str     0x0000000000090410       0x36 ./Core/Startup/startup_stm32f411vetx.o
                                         0x71 (size before relaxing)
 .debug_str     0x0000000000090446      0x991 ./Drivers/STM32F4xx_HAL_Driver/Src/stm32f4xx_hal.o
                                      0x8af77 (size before relaxing)
 .debug_str     0x0000000000090dd7      0x34d ./Drivers/STM32F4xx_HAL_Driver/Src/stm32f4xx_hal_cortex.o
                                      0x8ac98 (size before relaxing)
 .debug_str     0x0000000000091124      0x121 ./Drivers/STM32F4xx_HAL_Driver/Src/stm32f4xx_hal_gpio.o
                                      0x8a6c6 (size before relaxing)
 .debug_str     0x0000000000091245      0xaed ./Drivers/STM32F4xx_HAL_Driver/Src/stm32f4xx_hal_i2c.o
                                      0x8b509 (size before relaxing)
 .debug_str     0x0000000000091d32      0x2b8 ./Drivers/STM32F4xx_HAL_Driver/Src/stm32f4xx_hal_i2s.o
                                      0x8ab2a (size before relaxing)
 .debug_str     0x0000000000091fea      0x1d1 ./Drivers/STM32F4xx_HAL_Driver/Src/stm32f4xx_hal_i2s_ex.o
                                      0x8aa35 (size before relaxing)
 .debug_str     0x00000000000921bb      0x832 ./Drivers/STM32F4xx_HAL_Driver/Src/stm32f4xx_hal_pcd.o
                                      0x8affb (size before relaxing)
 .debug_str     0x00000000000929ed      0x115 ./Drivers/STM32F4xx_HAL_Driver/Src/stm32f4xx_hal_pcd_ex.o
                                      0x8a8ea (size before relaxing)