../Core/Src/main.c:78:5:main	8	static
../Core/Src/main.c:130:6:SystemClock_Config	88	static
../Core/Src/main.c:175:6:PeriphCommonClock_Config	32	static
../Core/Src/main.c:197:13:MX_I2C1_Init	8	static
../Core/Src/main.c:231:13:MX_I2S2_Init	8	static
../Core/Src/main.c:265:13:MX_I2S3_Init	8	static
../Core/Src/main.c:299:13:MX_SPI1_Init	8	static
../Core/Src/main.c:337:13:MX_TIM2_Init	32	static
../Core/Src/main.c:385:13:MX_GPIO_Init	56	static
../Core/Src/main.c:464:6:Error_Handler	4	static,ignoring_inline_asm
